 win32_asteroids

 Timestamp is 5d2e0eba (Tue Jul 16 20:51:54 2019)

 Preferred load address is 0000000140000000

 Start         Length     Name                   Class
 0001:00000000 000134a0H .text$mn                CODE
 0001:000134a0 00000020H .text$mn$00             CODE
 0001:000134c0 00000380H .text$x                 CODE
 0002:00000000 00000330H .idata$5                DATA
 0002:00000330 00000010H .00cfg                  DATA
 0002:00000340 00000008H .CRT$XCA                DATA
 0002:00000348 00000008H .CRT$XCAA               DATA
 0002:00000350 00000008H .CRT$XCZ                DATA
 0002:00000358 00000008H .CRT$XIA                DATA
 0002:00000360 00000008H .CRT$XIAA               DATA
 0002:00000368 00000008H .CRT$XIAC               DATA
 0002:00000370 00000018H .CRT$XIC                DATA
 0002:00000388 00000008H .CRT$XIZ                DATA
 0002:00000390 00000008H .CRT$XPA                DATA
 0002:00000398 00000010H .CRT$XPX                DATA
 0002:000003a8 00000008H .CRT$XPXA               DATA
 0002:000003b0 00000008H .CRT$XPZ                DATA
 0002:000003b8 00000008H .CRT$XTA                DATA
 0002:000003c0 00000010H .CRT$XTZ                DATA
 0002:000003c8 00000000H .gfids$y                DATA
 0002:000003d0 00007e40H .rdata                  DATA
 0002:00008210 0000016cH .rdata$r                DATA
 0002:0000837c 0000031cH .rdata$zzzdbg           DATA
 0002:00008698 00000008H .rtc$IAA                DATA
 0002:000086a0 00000008H .rtc$IZZ                DATA
 0002:000086a8 00000008H .rtc$TAA                DATA
 0002:000086b0 00000008H .rtc$TZZ                DATA
 0002:000086b8 00001050H .xdata                  DATA
 0002:00009708 00000084H .xdata$x                DATA
 0002:0000978c 00000000H .edata                  DATA
 0002:0000978c 00000050H .idata$2                DATA
 0002:000097dc 00000014H .idata$3                DATA
 0002:000097f0 00000330H .idata$4                DATA
 0002:00009b20 00000706H .idata$6                DATA
 0003:00000000 000008e0H .data                   DATA
 0003:000008e0 00000070H .data$r                 DATA
 0003:00000950 00001258H .bss                    DATA
 0004:00000000 000012b4H .pdata                  DATA

  Address         Publics by Value              Rva+Base               Lib:Object

 0000:00000000       __hybrid_code_map_count    0000000000000000     <absolute>
 0000:00000000       __hybrid_code_map          0000000000000000     <absolute>
 0000:00000000       __guard_iat_count          0000000000000000     <absolute>
 0000:00000000       __guard_longjmp_count      0000000000000000     <absolute>
 0000:00000000       __volatile_metadata        0000000000000000     <absolute>
 0000:00000000       __guard_longjmp_table      0000000000000000     <absolute>
 0000:00000000       __guard_iat_table          0000000000000000     <absolute>
 0000:00000000       __guard_fids_count         0000000000000000     <absolute>
 0000:00000000       ___safe_se_handler_count   0000000000000000     <absolute>
 0000:00000000       __enclave_config           0000000000000000     <absolute>
 0000:00000000       ___safe_se_handler_table   0000000000000000     <absolute>
 0000:00000000       __guard_fids_table         0000000000000000     <absolute>
 0000:00000000       __dynamic_value_reloc_table 0000000000000000     <absolute>
 0000:00000000       __hybrid_auxiliary_iat     0000000000000000     <absolute>
 0000:00000100       __guard_flags              0000000000000100     <absolute>
 0000:00000000       __ImageBase                0000000140000000     <linker-defined>
 0001:00000000       WinMain                    0000000140001000 f   win32_asteroids.obj
 0001:00000a40       ?DEBUGPlatformReadEntireFile@@YA?AUdebug_read_file_result@@PEAD@Z 0000000140001a40 f   win32_asteroids.obj
 0001:00001080       ?Win32MainWindowCallback@@YA_JPEAUHWND__@@I_K_J@Z 0000000140002080 f   win32_asteroids.obj
 0001:00001250       ?HandleDebugCounters@@YAXPEAUgame_memory@@@Z 0000000140002250 f   win32_asteroids.obj
 0001:00001360       ?PlatformAddWorkQueueEntry@@YAXPEAUplatform_work_queue@@P6AXPEAXH@Z1@Z 0000000140002360 f   win32_asteroids.obj
 0001:00001410       ?PlatformDoNextWorkQueueEntry@@YAHPEAUplatform_work_queue@@I@Z 0000000140002410 f   win32_asteroids.obj
 0001:000014e0       ?PlatformCompleteAllQueueWork@@YAXPEAUplatform_work_queue@@I@Z 00000001400024e0 f   win32_asteroids.obj
 0001:00001580       ?ThreadProc@@YAKPEAX@Z     0000000140002580 f   win32_asteroids.obj
 0001:000015d0       ??$_snprintf_s@$0BAA@@@YAHAEAY0BAA@D_KPEBDZZ 00000001400025d0 f i win32_asteroids.obj
 0001:00001620       ?DoStringWork@@YAXPEAXH@Z  0000000140002620 f i win32_asteroids.obj
 0001:00001690       ?SafeTruncateInt64@@YAII@Z 0000000140002690 f i win32_asteroids.obj
 0001:000016c0       ?Win32GetSecondsElapsed@@YAMT_LARGE_INTEGER@@0@Z 00000001400026c0 f i win32_asteroids.obj
 0001:00001700       ?Win32GetWallClock@@YA?AT_LARGE_INTEGER@@XZ 0000000140002700 f i win32_asteroids.obj
 0001:00001720       __local_stdio_printf_options 0000000140002720 f i win32_asteroids.obj
 0001:00001730       _vsnprintf_s               0000000140002730 f i win32_asteroids.obj
 0001:00001780       _vsnprintf_s_l             0000000140002780 f i win32_asteroids.obj
 0001:00001800       __GSHandlerCheck           0000000140002800 f   LIBCMT:_gshandler_.obj
 0001:00001820       __GSHandlerCheckCommon     0000000140002820 f   LIBCMT:_gshandler_.obj
 0001:00001890       _alloca_probe              0000000140002890 f   LIBCMT:_chkstk_.obj
 0001:00001890       __chkstk                   0000000140002890 f   LIBCMT:_chkstk_.obj
 0001:00001900       __security_check_cookie    0000000140002900 f   LIBCMT:_amdsecgs_.obj
 0001:00001b7c       WinMainCRTStartup          0000000140002b7c f   LIBCMT:exe_winmain.obj
 0001:00001b90       __raise_securityfailure    0000000140002b90 f   LIBCMT:gs_report.obj
 0001:00001bc4       __report_gsfailure         0000000140002bc4 f   LIBCMT:gs_report.obj
 0001:00001c98       __report_rangecheckfailure 0000000140002c98 f   LIBCMT:gs_report.obj
 0001:00001cac       __report_securityfailure   0000000140002cac f   LIBCMT:gs_report.obj
 0001:00001e2c       __scrt_acquire_startup_lock 0000000140002e2c f   LIBCMT:utility.obj
 0001:00001e68       __scrt_initialize_crt      0000000140002e68 f   LIBCMT:utility.obj
 0001:00001eb4       __scrt_initialize_onexit_tables 0000000140002eb4 f   LIBCMT:utility.obj
 0001:00001f8c       __scrt_is_nonwritable_in_current_image 0000000140002f8c f   LIBCMT:utility.obj
 0001:00002028       __scrt_release_startup_lock 0000000140003028 f   LIBCMT:utility.obj
 0001:0000204c       __scrt_uninitialize_crt    000000014000304c f   LIBCMT:utility.obj
 0001:00002078       _onexit                    0000000140003078 f   LIBCMT:utility.obj
 0001:000020c8       atexit                     00000001400030c8 f   LIBCMT:utility.obj
 0001:000020e0       __security_init_cookie     00000001400030e0 f   LIBCMT:gs_support.obj
 0001:0000218c       _get_startup_new_mode      000000014000318c f   LIBCMT:new_mode.obj
 0001:0000218c       __scrt_exe_initialize_mta  000000014000318c f   LIBCMT:utility_desktop.obj
 0001:0000218c       __scrt_initialize_winrt    000000014000318c f   LIBCMT:utility_desktop.obj
 0001:0000218c       __scrt_stub_for_initialize_mta 000000014000318c f   LIBCMT:utility_desktop.obj
 0001:0000218c       _matherr                   000000014000318c f   LIBCMT:matherr.obj
 0001:0000218c       _get_startup_thread_locale_mode 000000014000318c f   LIBCMT:thread_locale.obj
 0001:0000218c       _get_startup_commit_mode   000000014000318c f   LIBCMT:commit_mode.obj
 0001:00002190       _get_startup_argv_mode     0000000140003190 f   LIBCMT:argv_mode.obj
 0001:00002198       _get_startup_file_mode     0000000140003198 f   LIBCMT:file_mode.obj
 0001:000021a0       ?__scrt_initialize_type_info@@YAXXZ 00000001400031a0 f   LIBCMT:tncleanup.obj
 0001:000021b0       __acrt_uninitialize_command_line 00000001400031b0 f   libucrt:argv_data.obj
 0001:000021b0       _should_initialize_environment 00000001400031b0 f   LIBCMT:env_mode.obj
 0001:000021b4       _initialize_denormal_control 00000001400031b4 f   LIBCMT:denormal_control.obj
 0001:000021b4       _guard_check_icall_nop     00000001400031b4 f   LIBCMT:guard_support.obj
 0001:000021b4       _initialize_invalid_parameter_handler 00000001400031b4 f   LIBCMT:invalid_parameter_handler.obj
 0001:000021b8       __local_stdio_scanf_options 00000001400031b8 f i LIBCMT:default_local_stdio_options.obj
 0001:000021c0       __scrt_initialize_default_local_stdio_options 00000001400031c0 f   LIBCMT:default_local_stdio_options.obj
 0001:000021dc       __scrt_is_user_matherr_present 00000001400031dc f   LIBCMT:matherr_detection.obj
 0001:000021e8       __scrt_get_dyn_tls_init_callback 00000001400031e8 f   LIBCMT:dyn_tls_init.obj
 0001:000021f0       __scrt_get_dyn_tls_dtor_callback 00000001400031f0 f   LIBCMT:dyn_tls_dtor.obj
 0001:000021f8       __crt_debugger_hook        00000001400031f8 f   LIBCMT:utility_desktop.obj
 0001:00002200       __scrt_fastfail            0000000140003200 f   LIBCMT:utility_desktop.obj
 0001:0000234c       __scrt_get_show_window_mode 000000014000334c f   LIBCMT:utility_desktop.obj
 0001:00002388       __scrt_initialize_mta      0000000140003388 f   LIBCMT:utility_desktop.obj
 0001:00002390       __scrt_is_managed_app      0000000140003390 f   LIBCMT:utility_desktop.obj
 0001:000023e4       __scrt_set_unhandled_exception_filter 00000001400033e4 f   LIBCMT:utility_desktop.obj
 0001:000023f4       __scrt_unhandled_exception_filter 00000001400033f4 f   LIBCMT:utility_desktop.obj
 0001:0000242c       _RTC_Initialize            000000014000342c f   LIBCMT:_initsect_.obj
 0001:00002468       _RTC_Terminate             0000000140003468 f   LIBCMT:_initsect_.obj
 0001:000024a4       __isa_available_init       00000001400034a4 f   LIBCMT:_cpu_disp_.obj
 0001:00002660       __scrt_is_ucrt_dll_in_use  0000000140003660 f   LIBCMT:ucrt_detection.obj
 0001:00002670       __C_specific_handler       0000000140003670 f   libvcruntime:_riscchandler_.obj
 0001:0000287c       __vcrt_initialize          000000014000387c f   libvcruntime:initialization.obj
 0001:000028b0       __vcrt_uninitialize        00000001400038b0 f   libvcruntime:initialization.obj
 0001:000028d0       __std_type_info_compare    00000001400038d0 f   libvcruntime:std_type_info.obj
 0001:00002910       memset_repmovs             0000000140003910 f   libvcruntime:memset.obj
 0001:00002930       memset                     0000000140003930 f   libvcruntime:memset.obj
 0001:00002ad0       _NLG_Notify                0000000140003ad0 f   libvcruntime:_notify_.obj
 0001:00002af0       __NLG_Dispatch2            0000000140003af0 f   libvcruntime:_notify_.obj
 0001:00002b00       __NLG_Return2              0000000140003b00 f   libvcruntime:_notify_.obj
 0001:00002b04       __except_validate_context_record 0000000140003b04 f   libvcruntime:jbcxrval.obj
 0001:00002b3c       __DestructExceptionObject  0000000140003b3c f   libvcruntime:ehhelpers.obj
 0001:00002bb0       ?_CallMemberFunction0@@YAXQEAX0@Z 0000000140003bb0 f i libvcruntime:ehhelpers.obj
 0001:00002bb4       _IsExceptionObjectToBeDestroyed 0000000140003bb4 f   libvcruntime:ehhelpers.obj
 0001:00002be4       __AdjustPointer            0000000140003be4 f   libvcruntime:ehhelpers.obj
 0001:00002c08       __FrameUnwindFilter        0000000140003c08 f   libvcruntime:ehhelpers.obj
 0001:00002c54       __vcrt_freefls             0000000140003c54 f   libvcruntime:per_thread_data.obj
 0001:00002c74       __vcrt_getptd              0000000140003c74 f   libvcruntime:per_thread_data.obj
 0001:00002c90       __vcrt_getptd_noexit       0000000140003c90 f   libvcruntime:per_thread_data.obj
 0001:00002d5c       __vcrt_initialize_ptd      0000000140003d5c f   libvcruntime:per_thread_data.obj
 0001:00002db0       __vcrt_uninitialize_ptd    0000000140003db0 f   libvcruntime:per_thread_data.obj
 0001:00002dd4       __vcrt_initialize_locks    0000000140003dd4 f   libvcruntime:locks.obj
 0001:00002e1c       __vcrt_uninitialize_locks  0000000140003e1c f   libvcruntime:locks.obj
 0001:0000302c       __vcrt_FlsAlloc            000000014000402c f   libvcruntime:winapi_downlevel.obj
 0001:00003074       __vcrt_FlsFree             0000000140004074 f   libvcruntime:winapi_downlevel.obj
 0001:000030bc       __vcrt_FlsGetValue         00000001400040bc f   libvcruntime:winapi_downlevel.obj
 0001:00003104       __vcrt_FlsSetValue         0000000140004104 f   libvcruntime:winapi_downlevel.obj
 0001:00003158       __vcrt_InitializeCriticalSectionEx 0000000140004158 f   libvcruntime:winapi_downlevel.obj
 0001:000031bc       __vcrt_initialize_winapi_thunks 00000001400041bc f   libvcruntime:winapi_downlevel.obj
 0001:000031ec       __vcrt_uninitialize_winapi_thunks 00000001400041ec f   libvcruntime:winapi_downlevel.obj
 0001:0000322c       __vcrt_initialize_pure_virtual_call_handler 000000014000422c f   libvcruntime:purevirt_data.obj
 0001:0000323c       ??$_CallSETranslator@V__FrameHandler3@@@@YAHPEAUEHExceptionRecord@@PEA_KPEAU_CONTEXT@@PEAU_xDISPATCHER_CONTEXT@@PEBU_s_FuncInfo@@K1@Z 000000014000423c f i libvcruntime:risctrnsctrl.obj
 0001:00003290       ?CatchTryBlock@__FrameHandler3@@SAPEBU_s_TryBlockMapEntry@@PEBU_s_FuncInfo@@H@Z 0000000140004290 f   libvcruntime:risctrnsctrl.obj
 0001:000032e8       ?ExecutionInCatch@__FrameHandler3@@SA_NPEAU_xDISPATCHER_CONTEXT@@PEBU_s_FuncInfo@@@Z 00000001400042e8 f   libvcruntime:risctrnsctrl.obj
 0001:00003314       ?FrameUnwindToEmptyState@__FrameHandler3@@SAXPEA_KPEAU_xDISPATCHER_CONTEXT@@PEBU_s_FuncInfo@@@Z 0000000140004314 f   libvcruntime:risctrnsctrl.obj
 0001:00003378       ?GetEstablisherFrame@__FrameHandler3@@SAPEA_KPEA_KPEAU_xDISPATCHER_CONTEXT@@PEBU_s_FuncInfo@@0@Z 0000000140004378 f   libvcruntime:risctrnsctrl.obj
 0001:00003444       ?GetRangeOfTrysToCheck@__FrameHandler3@@SA?AU?$pair@Viterator@TryBlockMap@__FrameHandler3@@V123@@std@@AEAVTryBlockMap@1@HH@Z 0000000140004444 f   libvcruntime:risctrnsctrl.obj
 0001:000035a0       ?UnwindNestedFrames@__FrameHandler3@@SAXPEA_KPEAUEHExceptionRecord@@PEAU_CONTEXT@@0PEAXPEBU_s_FuncInfo@@HHPEBU_s_HandlerType@@PEAU_xDISPATCHER_CONTEXT@@E@Z 00000001400045a0 f   libvcruntime:risctrnsctrl.obj
 0001:000036c4       _CreateFrameInfo           00000001400046c4 f   libvcruntime:risctrnsctrl.obj
 0001:00003700       _FindAndUnlinkFrame        0000000140004700 f   libvcruntime:risctrnsctrl.obj
 0001:00003754       _GetImageBase              0000000140004754 f   libvcruntime:risctrnsctrl.obj
 0001:00003768       _GetThrowImageBase         0000000140004768 f   libvcruntime:risctrnsctrl.obj
 0001:0000377c       _SetImageBase              000000014000477c f   libvcruntime:risctrnsctrl.obj
 0001:00003794       _SetThrowImageBase         0000000140004794 f   libvcruntime:risctrnsctrl.obj
 0001:000037ac       __CxxFrameHandler3         00000001400047ac f   libvcruntime:risctrnsctrl.obj
 0001:00003840       memcpy_repmovs             0000000140004840 f   libvcruntime:memcpy.obj
 0001:00003860       memmove                    0000000140004860 f   libvcruntime:memcpy.obj
 0001:00003860       memcpy                     0000000140004860 f   libvcruntime:memcpy.obj
 0001:00003c98       ?GetCurrentState@__FrameHandler3@@SAHPEA_KPEAU_xDISPATCHER_CONTEXT@@PEBU_s_FuncInfo@@@Z 0000000140004c98 f   libvcruntime:ehstate.obj
 0001:00003cc0       ?GetUnwindTryBlock@__FrameHandler3@@SAHPEA_KPEAU_xDISPATCHER_CONTEXT@@PEBU_s_FuncInfo@@@Z 0000000140004cc0 f   libvcruntime:ehstate.obj
 0001:00003cec       ?SetState@__FrameHandler3@@SAXPEA_KPEBU_s_FuncInfo@@H@Z 0000000140004cec f   libvcruntime:ehstate.obj
 0001:00003cf8       ?SetUnwindTryBlock@__FrameHandler3@@SAXPEA_KPEAU_xDISPATCHER_CONTEXT@@PEBU_s_FuncInfo@@H@Z 0000000140004cf8 f   libvcruntime:ehstate.obj
 0001:00003d34       ?StateFromControlPc@__FrameHandler3@@SAHPEBU_s_FuncInfo@@PEAU_xDISPATCHER_CONTEXT@@@Z 0000000140004d34 f   libvcruntime:ehstate.obj
 0001:00003d3c       ?StateFromIp@__FrameHandler3@@SAHPEBU_s_FuncInfo@@PEAU_xDISPATCHER_CONTEXT@@_K@Z 0000000140004d3c f   libvcruntime:ehstate.obj
 0001:000047c8       ??$TypeMatchHelper@$$CBU_s_HandlerType@@@@YAHPEBU_s_HandlerType@@PEBU_s_CatchableType@@PEBU_s_ThrowInfo@@@Z 00000001400057c8 f i libvcruntime:frame.obj
 0001:0000490c       ??$__InternalCxxFrameHandler@V__FrameHandler3@@@@YA?AW4_EXCEPTION_DISPOSITION@@PEAUEHExceptionRecord@@PEA_KPEAU_CONTEXT@@PEAU_xDISPATCHER_CONTEXT@@PEBU_s_FuncInfo@@H1E@Z 000000014000590c f i libvcruntime:frame.obj
 0001:00004b54       ??0bad_exception@std@@QEAA@AEBV01@@Z 0000000140005b54 f i libvcruntime:frame.obj
 0001:00004b94       ??0bad_exception@std@@QEAA@XZ 0000000140005b94 f i libvcruntime:frame.obj
 0001:00004bb4       ??0exception@std@@QEAA@AEBV01@@Z 0000000140005bb4 f i libvcruntime:frame.obj
 0001:00004bec       ??1bad_exception@std@@UEAA@XZ 0000000140005bec f i libvcruntime:frame.obj
 0001:00004c00       ??_Eexception@std@@UEAAPEAXI@Z 0000000140005c00 f i libvcruntime:frame.obj
 0001:00004c00       ??_Ebad_exception@std@@UEAAPEAXI@Z 0000000140005c00 f i libvcruntime:frame.obj
 0001:00004c00       ??_Gexception@std@@UEAAPEAXI@Z 0000000140005c00 f i libvcruntime:frame.obj
 0001:00004c00       ??_Gbad_exception@std@@UEAAPEAXI@Z 0000000140005c00 f i libvcruntime:frame.obj
 0001:00004c44       ?CxxCallCatchBlock@__FrameHandler3@@SAPEAXPEAU_EXCEPTION_RECORD@@@Z 0000000140005c44 f   libvcruntime:frame.obj
 0001:00004eb8       ?FrameUnwindToState@__FrameHandler3@@SAXPEA_KPEAU_xDISPATCHER_CONTEXT@@PEBU_s_FuncInfo@@H@Z 0000000140005eb8 f   libvcruntime:frame.obj
 0001:0000504c       ?GetHandlerSearchState@__FrameHandler3@@SAHPEA_KPEAU_xDISPATCHER_CONTEXT@@PEBU_s_FuncInfo@@@Z 000000014000604c f i libvcruntime:frame.obj
 0001:00005250       ?_CallMemberFunction1@@YAXQEAX00@Z 0000000140006250 f i libvcruntime:frame.obj
 0001:0000525c       ?_CallMemberFunction2@@YAXQEAX00H@Z 000000014000625c f i libvcruntime:frame.obj
 0001:0000526c       ?what@exception@std@@UEBAPEBDXZ 000000014000626c f i libvcruntime:frame.obj
 0001:00005290       _CallSettingFrame          0000000140006290 f   libvcruntime:handlers.obj
 0001:000052e0       _CallSettingFrameEncoded   00000001400062e0 f   libvcruntime:handlers.obj
 0001:00005328       __std_exception_copy       0000000140006328 f   libvcruntime:std_exception.obj
 0001:000053b8       __std_exception_destroy    00000001400063b8 f   libvcruntime:std_exception.obj
 0001:000053e0       _CxxThrowException         00000001400063e0 f   libvcruntime:throw.obj
 0001:0000566c       ??$ensure_buffer_is_big_enough@D@formatting_buffer@__crt_stdio_output@@QEAA_N_K@Z 000000014000666c f i libucrt:output.obj
 0001:00005714       ??$type_case_integer_parse_into_buffer@I@?$output_processor@DV?$string_output_adapter@D@__crt_stdio_output@@V?$format_validation_base@DV?$string_output_adapter@D@__crt_stdio_output@@@2@@__crt_stdio_output@@AEAAXII_N@Z 0000000140006714 f i libucrt:output.obj
 0001:000057a4       ??$type_case_integer_parse_into_buffer@_K@?$output_processor@DV?$string_output_adapter@D@__crt_stdio_output@@V?$format_validation_base@DV?$string_output_adapter@D@__crt_stdio_output@@@2@@__crt_stdio_output@@AEAAX_KI_N@Z 00000001400067a4 f i libucrt:output.obj
 0001:00005838       ??$write_multiple_characters@V?$string_output_adapter@D@__crt_stdio_output@@D@__crt_stdio_output@@YAXAEBV?$string_output_adapter@D@0@DHQEAH@Z 0000000140006838 f i libucrt:output.obj
 0001:000058b0       ??0_LocaleUpdate@@QEAA@QEAU__crt_locale_pointers@@@Z 00000001400068b0 f i libucrt:output.obj
 0001:0000594c       ??1_LocaleUpdate@@QEAA@XZ  000000014000694c f i libucrt:output.obj
 0001:00005960       ?crop_zeroes@__crt_stdio_output@@YAXPEADQEAU__crt_locale_pointers@@@Z 0000000140006960 f i libucrt:output.obj
 0001:000059cc       ?force_decimal_point@__crt_stdio_output@@YAXPEADQEAU__crt_locale_pointers@@@Z 00000001400069cc f i libucrt:output.obj
 0001:00005a3c       ?parse_int_from_format_string@?$output_processor@DV?$string_output_adapter@D@__crt_stdio_output@@V?$format_validation_base@DV?$string_output_adapter@D@__crt_stdio_output@@@2@@__crt_stdio_output@@AEAA_NQEAH@Z 0000000140006a3c f i libucrt:output.obj
 0001:00005ae0       ?process@?$output_processor@DV?$string_output_adapter@D@__crt_stdio_output@@V?$format_validation_base@DV?$string_output_adapter@D@__crt_stdio_output@@@2@@__crt_stdio_output@@QEAAHXZ 0000000140006ae0 f i libucrt:output.obj
 0001:00005cf4       ?state_case_normal@?$output_processor@DV?$string_output_adapter@D@__crt_stdio_output@@V?$format_validation_base@DV?$string_output_adapter@D@__crt_stdio_output@@@2@@__crt_stdio_output@@AEAA_NXZ 0000000140006cf4 f i libucrt:output.obj
 0001:00005d68       ?state_case_normal_tchar@?$output_processor@DV?$string_output_adapter@D@__crt_stdio_output@@V?$format_validation_base@DV?$string_output_adapter@D@__crt_stdio_output@@@2@@__crt_stdio_output@@AEAA_ND@Z 0000000140006d68 f i libucrt:output.obj
 0001:00005e00       ?state_case_size@?$output_processor@DV?$string_output_adapter@D@__crt_stdio_output@@V?$format_validation_base@DV?$string_output_adapter@D@__crt_stdio_output@@@2@@__crt_stdio_output@@AEAA_NXZ 0000000140006e00 f i libucrt:output.obj
 0001:00005f74       ?state_case_type@?$output_processor@DV?$string_output_adapter@D@__crt_stdio_output@@V?$format_validation_base@DV?$string_output_adapter@D@__crt_stdio_output@@@2@@__crt_stdio_output@@AEAA_NXZ 0000000140006f74 f i libucrt:output.obj
 0001:000061e0       ?type_case_Z@?$output_processor@DV?$string_output_adapter@D@__crt_stdio_output@@V?$format_validation_base@DV?$string_output_adapter@D@__crt_stdio_output@@@2@@__crt_stdio_output@@AEAA_NXZ 00000001400071e0 f i libucrt:output.obj
 0001:00006258       ?type_case_a@?$output_processor@DV?$string_output_adapter@D@__crt_stdio_output@@V?$format_validation_base@DV?$string_output_adapter@D@__crt_stdio_output@@@2@@__crt_stdio_output@@AEAA_NXZ 0000000140007258 f i libucrt:output.obj
 0001:00006414       ?type_case_c_tchar@?$output_processor@DV?$string_output_adapter@D@__crt_stdio_output@@V?$format_validation_base@DV?$string_output_adapter@D@__crt_stdio_output@@@2@@__crt_stdio_output@@AEAA_ND@Z 0000000140007414 f i libucrt:output.obj
 0001:000064d8       ?type_case_integer@?$output_processor@DV?$string_output_adapter@D@__crt_stdio_output@@V?$format_validation_base@DV?$string_output_adapter@D@__crt_stdio_output@@@2@@__crt_stdio_output@@AEAA_NI_N@Z 00000001400074d8 f i libucrt:output.obj
 0001:000066a0       ?type_case_n@?$output_processor@DV?$string_output_adapter@D@__crt_stdio_output@@V?$format_validation_base@DV?$string_output_adapter@D@__crt_stdio_output@@@2@@__crt_stdio_output@@AEAA_NXZ 00000001400076a0 f i libucrt:output.obj
 0001:0000677c       ?type_case_s@?$output_processor@DV?$string_output_adapter@D@__crt_stdio_output@@V?$format_validation_base@DV?$string_output_adapter@D@__crt_stdio_output@@@2@@__crt_stdio_output@@AEAA_NXZ 000000014000777c f i libucrt:output.obj
 0001:00006814       ?write_stored_string_tchar@?$output_processor@DV?$string_output_adapter@D@__crt_stdio_output@@V?$format_validation_base@DV?$string_output_adapter@D@__crt_stdio_output@@@2@@__crt_stdio_output@@AEAA_ND@Z 0000000140007814 f i libucrt:output.obj
 0001:000068ec       ?write_string@?$string_output_adapter@D@__crt_stdio_output@@QEBAXQEBDHQEAHAEAV__crt_deferred_errno_cache@@@Z 00000001400078ec f i libucrt:output.obj
 0001:00006990       __stdio_common_vsnprintf_s 0000000140007990 f   libucrt:output.obj
 0001:00006ac4       _seh_filter_exe            0000000140007ac4 f   libucrt:exception_filter.obj
 0001:00006c3c       _query_app_type            0000000140007c3c f   libucrt:report_runtime_error.obj
 0001:00006c44       _set_app_type              0000000140007c44 f   libucrt:report_runtime_error.obj
 0001:00006c4c       __acrt_has_user_matherr    0000000140007c4c f   libucrt:matherr.obj
 0001:00006c6c       __acrt_initialize_user_matherr 0000000140007c6c f   libucrt:matherr.obj
 0001:00006c74       __acrt_invoke_user_matherr 0000000140007c74 f   libucrt:matherr.obj
 0001:00006ca4       __setusermatherr           0000000140007ca4 f   libucrt:matherr.obj
 0001:00006e90       __acrt_allocate_buffer_for_argv 0000000140007e90 f   libucrt:argv_parsing.obj
 0001:00006ef0       _configure_narrow_argv     0000000140007ef0 f   libucrt:argv_parsing.obj
 0001:00007268       __dcrt_uninitialize_environments_nolock 0000000140008268 f   libucrt:environment_initialization.obj
 0001:000072a0       _initialize_narrow_environment 00000001400082a0 f   libucrt:environment_initialization.obj
 0001:000072a8       _get_narrow_winmain_command_line 00000001400082a8 f   libucrt:argv_winmain.obj
 0001:00007318       _initterm                  0000000140008318 f   libucrt:initterm.obj
 0001:0000737c       _initterm_e                000000014000837c f   libucrt:initterm.obj
 0001:0000763c       __acrt_initialize_thread_local_exit_callback 000000014000863c f   libucrt:exit.obj
 0001:00007644       _c_exit                    0000000140008644 f   libucrt:exit.obj
 0001:00007654       _cexit                     0000000140008654 f   libucrt:exit.obj
 0001:00007664       _exit                      0000000140008664 f   libucrt:exit.obj
 0001:00007670       _register_thread_local_exe_atexit_callback 0000000140008670 f   libucrt:exit.obj
 0001:000076b4       exit                       00000001400086b4 f   libucrt:exit.obj
 0001:000076c0       _set_fmode                 00000001400086c0 f   libucrt:setmode.obj
 0001:00007770       __acrt_set_locale_changed  0000000140008770 f   libucrt:wsetlocale.obj
 0001:0000777c       __acrt_uninitialize_locale 000000014000877c f   libucrt:wsetlocale.obj
 0001:000077ac       _configthreadlocale        00000001400087ac f   libucrt:wsetlocale.obj
 0001:00007818       _query_new_mode            0000000140008818 f   libucrt:new_mode.obj
 0001:00007820       _set_new_mode              0000000140008820 f   libucrt:new_mode.obj
 0001:0000784c       __p__commode               000000014000884c f   libucrt:ncommode.obj
 0001:00007bdc       _crt_atexit                0000000140008bdc f   libucrt:onexit.obj
 0001:00007bec       _execute_onexit_table      0000000140008bec f   libucrt:onexit.obj
 0001:00007c28       _initialize_onexit_table   0000000140008c28 f   libucrt:onexit.obj
 0001:00007c68       _register_onexit_function  0000000140008c68 f   libucrt:onexit.obj
 0001:00007df0       __acrt_initialize          0000000140008df0 f   libucrt:initialization.obj
 0001:00007e04       __acrt_uninitialize        0000000140008e04 f   libucrt:initialization.obj
 0001:00007e3c       terminate                  0000000140008e3c f   libucrt:terminate.obj
 0001:00007e5c       free                       0000000140008e5c f   libucrt:free.obj
 0001:00007e70       malloc                     0000000140008e70 f   libucrt:malloc.obj
 0001:00007e78       strcpy_s                   0000000140008e78 f   libucrt:strcpy_s.obj
 0001:00007ee8       abort                      0000000140008ee8 f   libucrt:abort.obj
 0001:00007f40       calloc                     0000000140008f40 f   libucrt:calloc.obj
 0001:00007f48       wcsncmp                    0000000140008f48 f   libucrt:wcsncmp.obj
 0001:00007f74       ??$parse_integer@KV?$c_string_character_source@D@__crt_strtox@@@__crt_strtox@@YAKQEAU__crt_locale_pointers@@V?$c_string_character_source@D@0@H_N@Z 0000000140008f74 f i libucrt:atox.obj
 0001:000082c0       strncmp                    00000001400092c0 f   libucrt:strncmp.obj
 0001:00008340       __acrt_call_reportfault    0000000140009340 f   libucrt:invalid_parameter.obj
 0001:0000849c       __acrt_initialize_invalid_parameter_handler 000000014000949c f   libucrt:invalid_parameter.obj
 0001:000084a4       _invalid_parameter         00000001400094a4 f   libucrt:invalid_parameter.obj
 0001:00008554       _invalid_parameter_noinfo  0000000140009554 f   libucrt:invalid_parameter.obj
 0001:00008574       _invoke_watson             0000000140009574 f   libucrt:invalid_parameter.obj
 0001:000085bc       isdigit                    00000001400095bc f i libucrt:_ctype.obj
 0001:00008684       _tolower_l                 0000000140009684 f   libucrt:tolower_toupper.obj
 0001:000087c4       tolower                    00000001400097c4 f   libucrt:tolower_toupper.obj
 0001:000087f0       __acrt_errno_from_os_error 00000001400097f0 f   libucrt:errno.obj
 0001:00008838       __acrt_errno_map_os_error  0000000140009838 f   libucrt:errno.obj
 0001:00008888       __doserrno                 0000000140009888 f   libucrt:errno.obj
 0001:000088a8       _errno                     00000001400098a8 f   libucrt:errno.obj
 0001:000088c8       _free_base                 00000001400098c8 f   libucrt:free_base.obj
 0001:00008908       _malloc_base               0000000140009908 f   libucrt:malloc_base.obj
 0001:00008968       strtol                     0000000140009968 f   libucrt:strtox.obj
 0001:00008994       _mbtowc_l                  0000000140009994 f   libucrt:mbtowc.obj
 0001:00008b10       mbtowc                     0000000140009b10 f   libucrt:mbtowc.obj
 0001:00008b18       _wctomb_s_l                0000000140009b18 f   libucrt:wctomb.obj
 0001:00008c9c       wctomb_s                   0000000140009c9c f   libucrt:wctomb.obj
 0001:00008cb0       strnlen                    0000000140009cb0 f   libucrt:strnlen.obj
 0001:00008e00       wcsnlen                    0000000140009e00 f   libucrt:strnlen.obj
 0001:00009350       __acrt_getptd              000000014000a350 f   libucrt:per_thread_data.obj
 0001:00009414       __acrt_getptd_head         000000014000a414 f   libucrt:per_thread_data.obj
 0001:000094bc       __acrt_getptd_noexit       000000014000a4bc f   libucrt:per_thread_data.obj
 0001:00009574       __acrt_initialize_ptd      000000014000a574 f   libucrt:per_thread_data.obj
 0001:000095b0       __acrt_uninitialize_ptd    000000014000a5b0 f   libucrt:per_thread_data.obj
 0001:000095d4       __acrt_update_locale_info  000000014000a5d4 f   libucrt:locale_update.obj
 0001:00009608       __acrt_update_multibyte_info 000000014000a608 f   libucrt:locale_update.obj
 0001:0000a00c       __acrt_fp_format           000000014000b00c f   libucrt:cvt.obj
 0001:0000a294       _fileno                    000000014000b294 f   libucrt:fileno.obj
 0001:0000a2bc       __acrt_initialize_stdio    000000014000b2bc f   libucrt:_file.obj
 0001:0000a3dc       __acrt_uninitialize_stdio  000000014000b3dc f   libucrt:_file.obj
 0001:0000a438       _lock_file                 000000014000b438 f   libucrt:_file.obj
 0001:0000a444       _unlock_file               000000014000b444 f   libucrt:_file.obj
 0001:0000a450       _get_printf_count_output   000000014000b450 f   libucrt:printf_count_output.obj
 0001:0000a650       __acrt_initialize_lowio    000000014000b650 f   libucrt:ioinit.obj
 0001:0000a68c       __acrt_uninitialize_lowio  000000014000b68c f   libucrt:ioinit.obj
 0001:0000a6cc       _calloc_base               000000014000b6cc f   libucrt:calloc_base.obj
 0001:0000acac       __acrt_expand_narrow_argv_wildcards 000000014000bcac f   libucrt:argv_wildcards.obj
 0001:0000acb4       __acrt_GetModuleFileNameA  000000014000bcb4 f   libucrt:getmodulefilenamea.obj
 0001:0000b45c       __acrt_initialize_multibyte 000000014000c45c f   libucrt:mbctype.obj
 0001:0000b4bc       __acrt_update_thread_multibyte_data 000000014000c4bc f   libucrt:mbctype.obj
 0001:0000b4d8       _setmbcp_nolock            000000014000c4d8 f   libucrt:mbctype.obj
 0001:0000b808       _ismbblead                 000000014000c808 f   libucrt:ismbbyte.obj
 0001:0000b81c       __acrt_initialize_command_line 000000014000c81c f   libucrt:argv_data.obj
 0001:0000b844       __acrt_MultiByteToWideChar 000000014000c844 f   libucrt:multibytetowidechar.obj
 0001:0000b8a0       __acrt_WideCharToMultiByte 000000014000c8a0 f   libucrt:widechartomultibyte.obj
 0001:0000b938       __dcrt_get_narrow_environment_from_os 000000014000c938 f   libucrt:get_environment_from_os.obj
 0001:0000ba3c       __acrt_initialize_locks    000000014000ca3c f   libucrt:locks.obj
 0001:0000ba84       __acrt_lock                000000014000ca84 f   libucrt:locks.obj
 0001:0000baa0       __acrt_uninitialize_locks  000000014000caa0 f   libucrt:locks.obj
 0001:0000bad8       __acrt_unlock              000000014000cad8 f   libucrt:locks.obj
 0001:0000baf4       __acrt_get_process_end_policy 000000014000caf4 f   libucrt:win_policies.obj
 0001:0000bb30       __acrt_lowio_create_handle_array 000000014000cb30 f   libucrt:osfinfo.obj
 0001:0000bbc8       __acrt_lowio_destroy_handle_array 000000014000cbc8 f   libucrt:osfinfo.obj
 0001:0000bc18       __acrt_lowio_ensure_fh_exists 000000014000cc18 f   libucrt:osfinfo.obj
 0001:0000bcc0       __acrt_lowio_lock_fh       000000014000ccc0 f   libucrt:osfinfo.obj
 0001:0000bce4       __acrt_lowio_unlock_fh     000000014000cce4 f   libucrt:osfinfo.obj
 0001:0000bd08       _free_osfhnd               000000014000cd08 f   libucrt:osfinfo.obj
 0001:0000bdc4       _get_osfhandle             000000014000cdc4 f   libucrt:osfinfo.obj
 0001:0000be3c       __acrt_locale_free_monetary 000000014000ce3c f   libucrt:initmon.obj
 0001:0000bf48       __acrt_locale_free_numeric 000000014000cf48 f   libucrt:initnum.obj
 0001:0000c008       __acrt_locale_free_time    000000014000d008 f   libucrt:inittime.obj
 0001:0000c110       __pctype_func              000000014000d110 f   libucrt:ctype.obj
 0001:0000c140       __acrt_GetStringTypeA      000000014000d140 f   libucrt:getstringtypea.obj
 0001:0000c2d0       __acrt_add_locale_ref      000000014000d2d0 f   libucrt:locale_refcounting.obj
 0001:0000c35c       __acrt_free_locale         000000014000d35c f   libucrt:locale_refcounting.obj
 0001:0000c4d4       __acrt_locale_add_lc_time_reference 000000014000d4d4 f   libucrt:locale_refcounting.obj
 0001:0000c4fc       __acrt_locale_free_lc_time_if_unreferenced 000000014000d4fc f   libucrt:locale_refcounting.obj
 0001:0000c534       __acrt_locale_release_lc_time_reference 000000014000d534 f   libucrt:locale_refcounting.obj
 0001:0000c55c       __acrt_release_locale_ref  000000014000d55c f   libucrt:locale_refcounting.obj
 0001:0000c604       __acrt_update_thread_locale_data 000000014000d604 f   libucrt:locale_refcounting.obj
 0001:0000c674       _updatetlocinfoEx_nolock   000000014000d674 f   libucrt:locale_refcounting.obj
 0001:0000c8b4       __acrt_AppPolicyGetProcessTerminationMethodInternal 000000014000d8b4 f   libucrt:winapi_thunks.obj
 0001:0000c904       __acrt_FlsAlloc            000000014000d904 f   libucrt:winapi_thunks.obj
 0001:0000c94c       __acrt_FlsFree             000000014000d94c f   libucrt:winapi_thunks.obj
 0001:0000c994       __acrt_FlsGetValue         000000014000d994 f   libucrt:winapi_thunks.obj
 0001:0000c9dc       __acrt_FlsSetValue         000000014000d9dc f   libucrt:winapi_thunks.obj
 0001:0000ca30       __acrt_InitializeCriticalSectionEx 000000014000da30 f   libucrt:winapi_thunks.obj
 0001:0000ca94       __acrt_LCMapStringEx       000000014000da94 f   libucrt:winapi_thunks.obj
 0001:0000cb70       __acrt_LocaleNameToLCID    000000014000db70 f   libucrt:winapi_thunks.obj
 0001:0000cbc0       __acrt_initialize_winapi_thunks 000000014000dbc0 f   libucrt:winapi_thunks.obj
 0001:0000cc08       __acrt_uninitialize_winapi_thunks 000000014000dc08 f   libucrt:winapi_thunks.obj
 0001:0000cc4c       _recalloc                  000000014000dc4c f   libucrt:recalloc.obj
 0001:0000cc54       _recalloc_base             000000014000dc54 f   libucrt:recalloc.obj
 0001:0000ccec       __acrt_initialize_heap     000000014000dcec f   libucrt:heap_handle.obj
 0001:0000cd08       __acrt_uninitialize_heap   000000014000dd08 f   libucrt:heap_handle.obj
 0001:0000cd14       __acrt_execute_initializers 000000014000dd14 f   libucrt:shared_initialization.obj
 0001:0000cd94       __acrt_execute_uninitializers 000000014000dd94 f   libucrt:shared_initialization.obj
 0001:0000cdd0       __acrt_initialize_new_handler 000000014000ddd0 f   libucrt:new_handler.obj
 0001:0000cdd8       _callnewh                  000000014000ddd8 f   libucrt:new_handler.obj
 0001:0000ce08       _query_new_handler         000000014000de08 f   libucrt:new_handler.obj
 0001:0000ce84       __acrt_get_sigabrt_handler 000000014000de84 f   libucrt:signal.obj
 0001:0000ceb4       __acrt_initialize_signal_handlers 000000014000deb4 f   libucrt:signal.obj
 0001:0000ced4       raise                      000000014000ded4 f   libucrt:signal.obj
 0001:0000d330       __acrt_stdio_flush_nolock  000000014000e330 f   libucrt:fflush.obj
 0001:0000d3ac       _fflush_nolock             000000014000e3ac f   libucrt:fflush.obj
 0001:0000d3f8       _flushall                  000000014000e3f8 f   libucrt:fflush.obj
 0001:0000d400       _isctype_l                 000000014000e400 f   libucrt:isctype.obj
 0001:0000d514       _isleadbyte_l              000000014000e514 f i libucrt:_wctype.obj
 0001:0000d86c       __acrt_LCMapStringA        000000014000e86c f   libucrt:lcmapstringa.obj
 0001:0000d904       ?__mbrtowc_utf8@__crt_mbstring@@YA_KPEA_WPEBD_KPEAU_Mbstatet@@@Z 000000014000e904 f   libucrt:mbrtowc.obj
 0001:0000d940       ?__mbsrtowcs_utf8@__crt_mbstring@@YA_KPEA_WPEAPEBD_KPEAU_Mbstatet@@@Z 000000014000e940 f   libucrt:mbrtowc.obj
 0001:0000dab8       __acrt_fp_strflt_to_string 000000014000eab8 f   libucrt:_fptostr.obj
 0001:0000dba0       ?divide@__crt_strtox@@YA_KAEAUbig_integer@1@AEBU21@@Z 000000014000eba0 f i libucrt:cfout.obj
 0001:0000e030       __acrt_fltout              000000014000f030 f   libucrt:cfout.obj
 0001:0000f390       _fcloseall                 0000000140010390 f   libucrt:closeall.obj
 0001:0000f444       __acrt_stdio_free_buffer_nolock 0000000140010444 f   libucrt:_freebuf.obj
 0001:0000f484       _isatty                    0000000140010484 f   libucrt:isatty.obj
 0001:0000f4f0       qsort                      00000001400104f0 f   libucrt:qsort.obj
 0001:0000f8a0       strncpy_s                  00000001400108a0 f   libucrt:strncpy_s.obj
 0001:0000fa30       strpbrk                    0000000140010a30 f   libucrt:strpbrk.obj
 0001:0000fe10       ??$__acrt_convert_wcs_mbs@D_W$$A6A_KPEA_WPEBD_KPEAU__crt_locale_pointers@@@ZU__crt_win32_buffer_internal_dynamic_resizing@@@@YAHQEBDAEAV?$__crt_win32_buffer@_WU__crt_win32_buffer_internal_dynamic_resizing@@@@A6A_KPEA_WPEBD_KPEAU__crt_locale_pointers@@@Z5@Z 0000000140010e10 f i libucrt:findfirstfileexa.obj
 0001:0000ff18       __acrt_FindFirstFileExA    0000000140010f18 f   libucrt:findfirstfileexa.obj
 0001:0000ffbc       ??$__acrt_convert_wcs_mbs@_WD$$A6A_KPEADPEB_W_KPEAU__crt_locale_pointers@@@ZU__crt_win32_buffer_no_resizing@@@@YAHQEB_WAEAV?$__crt_win32_buffer@DU__crt_win32_buffer_no_resizing@@@@A6A_KPEADPEB_W_KPEAU__crt_locale_pointers@@@Z5@Z 0000000140010fbc f i libucrt:findnextfilea.obj
 0001:00010088       __acrt_FindNextFileA       0000000140011088 f   libucrt:findnextfilea.obj
 0001:000101bc       _mbsdec                    00000001400111bc f   libucrt:mbsdec.obj
 0001:000101c4       _mbsdec_l                  00000001400111c4 f   libucrt:mbsdec.obj
 0001:0001045c       _mbstowcs_l                000000014001145c f   libucrt:mbstowcs.obj
 0001:00010464       mbstowcs                   0000000140011464 f   libucrt:mbstowcs.obj
 0001:00010580       __acrt_DownlevelLocaleNameToLCID 0000000140011580 f   libucrt:lcidtoname_downlevel.obj
 0001:000105b4       _msize                     00000001400115b4 f   libucrt:msize.obj
 0001:000105bc       _msize_base                00000001400115bc f   libucrt:msize.obj
 0001:000105f8       _realloc_base              00000001400115f8 f   libucrt:realloc_base.obj
 0001:00010700       _commit                    0000000140011700 f   libucrt:commit.obj
 0001:00010d3c       _write                     0000000140011d3c f   libucrt:write.obj
 0001:00010e28       _write_nolock              0000000140011e28 f   libucrt:write.obj
 0001:00011108       __strncnt                  0000000140012108 f   libucrt:strncnt.obj
 0001:00011120       ?__mbrtoc32_utf8@__crt_mbstring@@YA_KPEA_UPEBD_KPEAU_Mbstatet@@@Z 0000000140012120 f   libucrt:mbrtoc32.obj
 0001:000112fc       fegetenv                   00000001400122fc f   libucrt:fegetenv.obj
 0001:0001131c       fesetenv                   000000014001231c f   libucrt:fesetenv.obj
 0001:0001136c       feholdexcept               000000014001236c f   libucrt:feholdexcept.obj
 0001:000113bc       ceil                       00000001400123bc f   libucrt:ceil.obj
 0001:00011480       log10                      0000000140012480 f   libucrt:log10.obj
 0001:00011ac8       _lseeki64_nolock           0000000140012ac8 f   libucrt:lseek.obj
 0001:00011ad0       _fclose_nolock             0000000140012ad0 f   libucrt:fclose.obj
 0001:00011b54       fclose                     0000000140012b54 f   libucrt:fclose.obj
 0001:00011f20       _wcstombs_l                0000000140012f20 f   libucrt:wcstombs.obj
 0001:00011f28       _putwch_nolock             0000000140012f28 f   libucrt:putwch.obj
 0001:00011f64       __acrt_fenv_get_control    0000000140012f64 f   libucrt:_fenvutils.obj
 0001:00012064       __acrt_fenv_get_status     0000000140013064 f   libucrt:_fenvutils.obj
 0001:000120bc       __acrt_fenv_set_control    00000001400130bc f   libucrt:_fenvutils.obj
 0001:00012204       __acrt_fenv_set_status     0000000140013204 f   libucrt:_fenvutils.obj
 0001:00012288       _clearfp                   0000000140013288 f   libucrt:ieee.obj
 0001:0001241c       _handle_error              000000014001341c f   libucrt:libm_error.obj
 0001:00012544       _handle_nan                0000000140013544 f   libucrt:libm_error.obj
 0001:00012560       __acrt_initialize_fma3     0000000140013560 f   libucrt:fma3_available.obj
 0001:000125d0       _log10_special             00000001400135d0 f   libucrt:log_special.obj
 0001:000126fc       _close                     00000001400136fc f   libucrt:close.obj
 0001:000127a0       _close_nolock              00000001400137a0 f   libucrt:close.obj
 0001:0001285c       ?__acrt_stdio_free_stream@@YAXV__crt_stdio_stream@@@Z 000000014001385c f   libucrt:stream.obj
 0001:00012878       ?__wcsrtombs_utf8@__crt_mbstring@@YA_KPEADPEAPEB_W_KPEAU_Mbstatet@@@Z 0000000140013878 f   libucrt:wcrtomb.obj
 0001:00012994       __dcrt_lowio_ensure_console_output_initialized 0000000140013994 f   libucrt:initcon.obj
 0001:000129e8       __dcrt_terminate_console_output 00000001400139e8 f   libucrt:initcon.obj
 0001:00012a04       __dcrt_write_console       0000000140013a04 f   libucrt:initcon.obj
 0001:00012ae0       _get_fpsr                  0000000140013ae0 f   libucrt:fpsr.obj
 0001:00012af0       _set_fpsr                  0000000140013af0 f   libucrt:fpsr.obj
 0001:00012afa       _fclrf                     0000000140013afa f   libucrt:fpsr.obj
 0001:00012b0e       _frnd                      0000000140013b0e f   libucrt:fpsr.obj
 0001:00012b30       _raise_exc                 0000000140013b30 f   libucrt:fpexcept.obj
 0001:00012b58       _raise_exc_ex              0000000140013b58 f   libucrt:fpexcept.obj
 0001:00012e68       _set_errno_from_matherr    0000000140013e68 f   libucrt:fpexcept.obj
 0001:00012e98       _clrfp                     0000000140013e98 f   libucrt:fpctrl.obj
 0001:00012eb8       _ctrlfp                    0000000140013eb8 f   libucrt:fpctrl.obj
 0001:00012f34       _set_statfp                0000000140013f34 f   libucrt:fpctrl.obj
 0001:00012f54       _statfp                    0000000140013f54 f   libucrt:fpctrl.obj
 0001:00012f68       ?__c16rtomb_utf8@__crt_mbstring@@YA_KPEAD_SPEAU_Mbstatet@@@Z 0000000140013f68 f   libucrt:c16rtomb.obj
 0001:00013010       ?__c32rtomb_utf8@__crt_mbstring@@YA_KPEAD_UPEAU_Mbstatet@@@Z 0000000140014010 f   libucrt:c32rtomb.obj
 0001:000130c8       c32rtomb                   00000001400140c8 f   libucrt:c32rtomb.obj
 0001:000130cd       IsProcessorFeaturePresent  00000001400140cd f   Kernel32:KERNEL32.dll
 0001:000130e0       _FindPESection             00000001400140e0 f   LIBCMT:pesect.obj
 0001:00013130       _IsNonwritableInCurrentImage 0000000140014130 f   LIBCMT:pesect.obj
 0001:00013180       _ValidateImageBase         0000000140014180 f   LIBCMT:pesect.obj
 0001:000131b0       ??_Gtype_info@@UEAAPEAXI@Z 00000001400141b0 f i LIBCMT:std_type_info_static.obj
 0001:000131b0       ??_Etype_info@@UEAAPEAXI@Z 00000001400141b0 f i LIBCMT:std_type_info_static.obj
 0001:000131dc       ??3@YAXPEAX_K@Z            00000001400141dc f   LIBCMT:delete_scalar_size.obj
 0001:000131e4       __GSHandlerCheck_EH        00000001400141e4 f   LIBCMT:gshandlereh.obj
 0001:00013264       ??3@YAXPEAX@Z              0000000140014264 f   LIBCMT:delete_scalar.obj
 0001:00013280       memcmp                     0000000140014280 f   libvcruntime:memcmp.obj
 0001:00013348       strrchr                    0000000140014348 f   libvcruntime:strrchr.obj
 0001:000134b0       _guard_dispatch_icall_nop  00000001400144b0 f   LIBCMT:_guard_dispatch_.obj
 0002:00000000       __imp_PatBlt               0000000140015000     gdi32:GDI32.dll
 0002:00000008       __imp_StretchDIBits        0000000140015008     gdi32:GDI32.dll
 0002:00000010       \177GDI32_NULL_THUNK_DATA  0000000140015010     gdi32:GDI32.dll
 0002:00000018       __imp_SetFilePointerEx     0000000140015018     Kernel32:KERNEL32.dll
 0002:00000020       __imp_GetConsoleMode       0000000140015020     Kernel32:KERNEL32.dll
 0002:00000028       __imp_GetConsoleCP         0000000140015028     Kernel32:KERNEL32.dll
 0002:00000030       __imp_FlushFileBuffers     0000000140015030     Kernel32:KERNEL32.dll
 0002:00000038       __imp_CreateFileW          0000000140015038     Kernel32:KERNEL32.dll
 0002:00000040       __imp_HeapSize             0000000140015040     Kernel32:KERNEL32.dll
 0002:00000048       __imp_GetProcessHeap       0000000140015048     Kernel32:KERNEL32.dll
 0002:00000050       __imp_LCMapStringW         0000000140015050     Kernel32:KERNEL32.dll
 0002:00000058       __imp_WriteConsoleW        0000000140015058     Kernel32:KERNEL32.dll
 0002:00000060       __imp_HeapReAlloc          0000000140015060     Kernel32:KERNEL32.dll
 0002:00000068       __imp_GetLastError         0000000140015068     Kernel32:KERNEL32.dll
 0002:00000070       __imp_CompareFileTime      0000000140015070     Kernel32:KERNEL32.dll
 0002:00000078       __imp_CreateFileA          0000000140015078     Kernel32:KERNEL32.dll
 0002:00000080       __imp_FindClose            0000000140015080     Kernel32:KERNEL32.dll
 0002:00000088       __imp_FindFirstFileA       0000000140015088     Kernel32:KERNEL32.dll
 0002:00000090       __imp_GetFileSizeEx        0000000140015090     Kernel32:KERNEL32.dll
 0002:00000098       __imp_ReadFile             0000000140015098     Kernel32:KERNEL32.dll
 0002:000000a0       __imp_OutputDebugStringA   00000001400150a0     Kernel32:KERNEL32.dll
 0002:000000a8       __imp_CloseHandle          00000001400150a8     Kernel32:KERNEL32.dll
 0002:000000b0       __imp_QueryPerformanceCounter 00000001400150b0     Kernel32:KERNEL32.dll
 0002:000000b8       __imp_QueryPerformanceFrequency 00000001400150b8     Kernel32:KERNEL32.dll
 0002:000000c0       __imp_ReleaseSemaphore     00000001400150c0     Kernel32:KERNEL32.dll
 0002:000000c8       __imp_WaitForSingleObjectEx 00000001400150c8     Kernel32:KERNEL32.dll
 0002:000000d0       __imp_Sleep                00000001400150d0     Kernel32:KERNEL32.dll
 0002:000000d8       __imp_CreateThread         00000001400150d8     Kernel32:KERNEL32.dll
 0002:000000e0       __imp_VirtualAlloc         00000001400150e0     Kernel32:KERNEL32.dll
 0002:000000e8       __imp_VirtualFree          00000001400150e8     Kernel32:KERNEL32.dll
 0002:000000f0       __imp_FreeLibrary          00000001400150f0     Kernel32:KERNEL32.dll
 0002:000000f8       __imp_GetProcAddress       00000001400150f8     Kernel32:KERNEL32.dll
 0002:00000100       __imp_LoadLibraryA         0000000140015100     Kernel32:KERNEL32.dll
 0002:00000108       __imp_CreateSemaphoreExA   0000000140015108     Kernel32:KERNEL32.dll
 0002:00000110       __imp_CopyFileA            0000000140015110     Kernel32:KERNEL32.dll
 0002:00000118       __imp_RtlCaptureContext    0000000140015118     Kernel32:KERNEL32.dll
 0002:00000120       __imp_RtlLookupFunctionEntry 0000000140015120     Kernel32:KERNEL32.dll
 0002:00000128       __imp_RtlVirtualUnwind     0000000140015128     Kernel32:KERNEL32.dll
 0002:00000130       __imp_UnhandledExceptionFilter 0000000140015130     Kernel32:KERNEL32.dll
 0002:00000138       __imp_SetUnhandledExceptionFilter 0000000140015138     Kernel32:KERNEL32.dll
 0002:00000140       __imp_GetCurrentProcess    0000000140015140     Kernel32:KERNEL32.dll
 0002:00000148       __imp_TerminateProcess     0000000140015148     Kernel32:KERNEL32.dll
 0002:00000150       __imp_IsProcessorFeaturePresent 0000000140015150     Kernel32:KERNEL32.dll
 0002:00000158       __imp_GetCurrentProcessId  0000000140015158     Kernel32:KERNEL32.dll
 0002:00000160       __imp_GetCurrentThreadId   0000000140015160     Kernel32:KERNEL32.dll
 0002:00000168       __imp_GetSystemTimeAsFileTime 0000000140015168     Kernel32:KERNEL32.dll
 0002:00000170       __imp_InitializeSListHead  0000000140015170     Kernel32:KERNEL32.dll
 0002:00000178       __imp_IsDebuggerPresent    0000000140015178     Kernel32:KERNEL32.dll
 0002:00000180       __imp_GetStartupInfoW      0000000140015180     Kernel32:KERNEL32.dll
 0002:00000188       __imp_GetModuleHandleW     0000000140015188     Kernel32:KERNEL32.dll
 0002:00000190       __imp_RtlUnwindEx          0000000140015190     Kernel32:KERNEL32.dll
 0002:00000198       __imp_SetLastError         0000000140015198     Kernel32:KERNEL32.dll
 0002:000001a0       __imp_EnterCriticalSection 00000001400151a0     Kernel32:KERNEL32.dll
 0002:000001a8       __imp_LeaveCriticalSection 00000001400151a8     Kernel32:KERNEL32.dll
 0002:000001b0       __imp_DeleteCriticalSection 00000001400151b0     Kernel32:KERNEL32.dll
 0002:000001b8       __imp_InitializeCriticalSectionAndSpinCount 00000001400151b8     Kernel32:KERNEL32.dll
 0002:000001c0       __imp_TlsAlloc             00000001400151c0     Kernel32:KERNEL32.dll
 0002:000001c8       __imp_TlsGetValue          00000001400151c8     Kernel32:KERNEL32.dll
 0002:000001d0       __imp_TlsSetValue          00000001400151d0     Kernel32:KERNEL32.dll
 0002:000001d8       __imp_TlsFree              00000001400151d8     Kernel32:KERNEL32.dll
 0002:000001e0       __imp_LoadLibraryExW       00000001400151e0     Kernel32:KERNEL32.dll
 0002:000001e8       __imp_EncodePointer        00000001400151e8     Kernel32:KERNEL32.dll
 0002:000001f0       __imp_RaiseException       00000001400151f0     Kernel32:KERNEL32.dll
 0002:000001f8       __imp_RtlPcToFileHeader    00000001400151f8     Kernel32:KERNEL32.dll
 0002:00000200       __imp_GetStdHandle         0000000140015200     Kernel32:KERNEL32.dll
 0002:00000208       __imp_WriteFile            0000000140015208     Kernel32:KERNEL32.dll
 0002:00000210       __imp_GetModuleFileNameW   0000000140015210     Kernel32:KERNEL32.dll
 0002:00000218       __imp_ExitProcess          0000000140015218     Kernel32:KERNEL32.dll
 0002:00000220       __imp_GetModuleHandleExW   0000000140015220     Kernel32:KERNEL32.dll
 0002:00000228       __imp_HeapFree             0000000140015228     Kernel32:KERNEL32.dll
 0002:00000230       __imp_HeapAlloc            0000000140015230     Kernel32:KERNEL32.dll
 0002:00000238       __imp_GetFileType          0000000140015238     Kernel32:KERNEL32.dll
 0002:00000240       __imp_FindFirstFileExW     0000000140015240     Kernel32:KERNEL32.dll
 0002:00000248       __imp_FindNextFileW        0000000140015248     Kernel32:KERNEL32.dll
 0002:00000250       __imp_IsValidCodePage      0000000140015250     Kernel32:KERNEL32.dll
 0002:00000258       __imp_GetACP               0000000140015258     Kernel32:KERNEL32.dll
 0002:00000260       __imp_GetOEMCP             0000000140015260     Kernel32:KERNEL32.dll
 0002:00000268       __imp_GetCPInfo            0000000140015268     Kernel32:KERNEL32.dll
 0002:00000270       __imp_GetCommandLineA      0000000140015270     Kernel32:KERNEL32.dll
 0002:00000278       __imp_GetCommandLineW      0000000140015278     Kernel32:KERNEL32.dll
 0002:00000280       __imp_MultiByteToWideChar  0000000140015280     Kernel32:KERNEL32.dll
 0002:00000288       __imp_WideCharToMultiByte  0000000140015288     Kernel32:KERNEL32.dll
 0002:00000290       __imp_GetEnvironmentStringsW 0000000140015290     Kernel32:KERNEL32.dll
 0002:00000298       __imp_FreeEnvironmentStringsW 0000000140015298     Kernel32:KERNEL32.dll
 0002:000002a0       __imp_SetStdHandle         00000001400152a0     Kernel32:KERNEL32.dll
 0002:000002a8       __imp_GetStringTypeW       00000001400152a8     Kernel32:KERNEL32.dll
 0002:000002b0       \177KERNEL32_NULL_THUNK_DATA 00000001400152b0     Kernel32:KERNEL32.dll
 0002:000002b8       __imp_TranslateMessage     00000001400152b8     user32:USER32.dll
 0002:000002c0       __imp_GetDC                00000001400152c0     user32:USER32.dll
 0002:000002c8       __imp_DispatchMessageA     00000001400152c8     user32:USER32.dll
 0002:000002d0       __imp_GetClientRect        00000001400152d0     user32:USER32.dll
 0002:000002d8       __imp_EndPaint             00000001400152d8     user32:USER32.dll
 0002:000002e0       __imp_BeginPaint           00000001400152e0     user32:USER32.dll
 0002:000002e8       __imp_ReleaseDC            00000001400152e8     user32:USER32.dll
 0002:000002f0       __imp_wsprintfA            00000001400152f0     user32:USER32.dll
 0002:000002f8       __imp_CreateWindowExA      00000001400152f8     user32:USER32.dll
 0002:00000300       __imp_RegisterClassA       0000000140015300     user32:USER32.dll
 0002:00000308       __imp_DefWindowProcA       0000000140015308     user32:USER32.dll
 0002:00000310       __imp_PeekMessageA         0000000140015310     user32:USER32.dll
 0002:00000318       \177USER32_NULL_THUNK_DATA 0000000140015318     user32:USER32.dll
 0002:00000320       __imp_timeBeginPeriod      0000000140015320     winmm:WINMM.dll
 0002:00000328       \177WINMM_NULL_THUNK_DATA  0000000140015328     winmm:WINMM.dll
 0002:00000330       __guard_check_icall_fptr   0000000140015330     LIBCMT:guard_support.obj
 0002:00000338       __guard_dispatch_icall_fptr 0000000140015338     LIBCMT:guard_support.obj
 0002:00000340       __xc_a                     0000000140015340     LIBCMT:initializers.obj
 0002:00000350       __xc_z                     0000000140015350     LIBCMT:initializers.obj
 0002:00000358       __xi_a                     0000000140015358     LIBCMT:initializers.obj
 0002:00000370       __acrt_stdio_initializer   0000000140015370     libucrt:stdio_initializer.obj
 0002:00000378       __acrt_multibyte_initializer 0000000140015378     libucrt:multibyte_initializer.obj
 0002:00000380       __acrt_tran_fma3_initializer 0000000140015380     libucrt:fma3_initializer.obj
 0002:00000388       __xi_z                     0000000140015388     LIBCMT:initializers.obj
 0002:00000390       __xp_a                     0000000140015390     LIBCMT:initializers.obj
 0002:00000398       __acrt_locale_terminator   0000000140015398     libucrt:locale_initializer.obj
 0002:000003a0       __dcrt_console_output_terminator 00000001400153a0     libucrt:console_output_initializer.obj
 0002:000003a8       __acrt_stdio_terminator    00000001400153a8     libucrt:stdio_initializer.obj
 0002:000003b0       __xp_z                     00000001400153b0     LIBCMT:initializers.obj
 0002:000003b8       __xt_a                     00000001400153b8     LIBCMT:initializers.obj
 0002:000003c0       __xt_z                     00000001400153c0     LIBCMT:initializers.obj
 0002:00000478       ??_C@_0P@GCOBKICO@Thread?5?$CFu?3?5?$CFs?6@ 0000000140015478     win32_asteroids.obj
 0002:00000488       __real@00000000            0000000140015488     win32_asteroids.obj
 0002:0000048c       __real@3a83126f            000000014001548c     win32_asteroids.obj
 0002:00000490       __real@41855556            0000000140015490     win32_asteroids.obj
 0002:00000494       __real@42700000            0000000140015494     win32_asteroids.obj
 0002:00000498       __real@447a0000            0000000140015498     win32_asteroids.obj
 0002:0000049c       __real@49742400            000000014001549c     win32_asteroids.obj
 0002:000004b0       _pDestructExceptionObject  00000001400154b0     libvcruntime:ehhelpers.obj
 0002:000004d0       ??_C@_1DM@KHCHBNEB@?$AAa?$AAp?$AAi?$AA?9?$AAm?$AAs?$AA?9?$AAw?$AAi?$AAn?$AA?9?$AAc?$AAo?$AAr?$AAe@ 00000001400154d0     libvcruntime:winapi_downlevel.obj
 0002:00000510       ??_C@_1DK@LPPGFMPP@?$AAa?$AAp?$AAi?$AA?9?$AAm?$AAs?$AA?9?$AAw?$AAi?$AAn?$AA?9?$AAc?$AAo?$AAr?$AAe@ 0000000140015510     libvcruntime:winapi_downlevel.obj
 0002:00000550       ??_C@_1BC@GDMECMAK@?$AAk?$AAe?$AAr?$AAn?$AAe?$AAl?$AA3?$AA2@ 0000000140015550     libvcruntime:winapi_downlevel.obj
 0002:00000568       ??_C@_1BA@PFFKHIOG@?$AAa?$AAp?$AAi?$AA?9?$AAm?$AAs?$AA?9@ 0000000140015568     libvcruntime:winapi_downlevel.obj
 0002:00000578       ??_C@_1BA@IAIFMGEF@?$AAe?$AAx?$AAt?$AA?9?$AAm?$AAs?$AA?9@ 0000000140015578     libvcruntime:winapi_downlevel.obj
 0002:00000590       ??_C@_08KNHFBNJ@FlsAlloc@  0000000140015590     libvcruntime:winapi_downlevel.obj
 0002:000005a8       ??_C@_07PEJMOBNF@FlsFree@  00000001400155a8     libvcruntime:winapi_downlevel.obj
 0002:000005b8       ??_C@_0M@GDNOONDI@FlsGetValue@ 00000001400155b8     libvcruntime:winapi_downlevel.obj
 0002:000005d0       ??_C@_0M@JCPCPOEF@FlsSetValue@ 00000001400155d0     libvcruntime:winapi_downlevel.obj
 0002:000005e8       ??_C@_0BM@HCFOFFN@InitializeCriticalSectionEx@ 00000001400155e8     libvcruntime:winapi_downlevel.obj
 0002:00000948       ??_C@_08EHJDFFNH@__based?$CI@ 0000000140015948     libvcruntime:undname.obj
 0002:00000958       ??_C@_07KOLFKCDI@__cdecl@  0000000140015958     libvcruntime:undname.obj
 0002:00000960       ??_C@_08GHMPAG@__pascal@   0000000140015960     libvcruntime:undname.obj
 0002:00000970       ??_C@_09IFJBGAPI@__stdcall@ 0000000140015970     libvcruntime:undname.obj
 0002:00000980       ??_C@_0L@NPHFGOKO@__thiscall@ 0000000140015980     libvcruntime:undname.obj
 0002:00000990       ??_C@_0L@JMKHOMEK@__fastcall@ 0000000140015990     libvcruntime:undname.obj
 0002:000009a0       ??_C@_0N@BCKKPABJ@__vectorcall@ 00000001400159a0     libvcruntime:undname.obj
 0002:000009b0       ??_C@_09HIJEGCPM@__clrcall@ 00000001400159b0     libvcruntime:undname.obj
 0002:000009bc       ??_C@_06GHPCKEAG@__eabi@   00000001400159bc     libvcruntime:undname.obj
 0002:000009c8       ??_C@_09IOPIDJLG@__swift_1@ 00000001400159c8     libvcruntime:undname.obj
 0002:000009d8       ??_C@_09KFNFGKHF@__swift_2@ 00000001400159d8     libvcruntime:undname.obj
 0002:000009e8       ??_C@_07JOMMBBKO@__ptr64@  00000001400159e8     libvcruntime:undname.obj
 0002:000009f0       ??_C@_0L@PILCLIHE@__restrict@ 00000001400159f0     libvcruntime:undname.obj
 0002:00000a00       ??_C@_0M@GFIIJFMG@__unaligned@ 0000000140015a00     libvcruntime:undname.obj
 0002:00000a10       ??_C@_09DHDLOLLB@restrict?$CI@ 0000000140015a10     libvcruntime:undname.obj
 0002:00000a1a       ??_C@_00CNPNBAHC@@         0000000140015a1a     libvcruntime:undname.obj
 0002:00000a1c       ??_C@_04NIHEBCM@?5new@     0000000140015a1c     libvcruntime:undname.obj
 0002:00000a28       ??_C@_07FPCDHGMM@?5delete@ 0000000140015a28     libvcruntime:undname.obj
 0002:00000a30       ??_C@_01NEMOKFLO@?$DN@     0000000140015a30     libvcruntime:undname.obj
 0002:00000a34       ??_C@_02GPIOPFAK@?$DO?$DO@ 0000000140015a34     libvcruntime:undname.obj
 0002:00000a38       ??_C@_02FODMEDOG@?$DM?$DM@ 0000000140015a38     libvcruntime:undname.obj
 0002:00000a3c       ??_C@_01DCLJPIOD@?$CB@     0000000140015a3c     libvcruntime:undname.obj
 0002:00000a40       ??_C@_02EGOFBIJA@?$DN?$DN@ 0000000140015a40     libvcruntime:undname.obj
 0002:00000a44       ??_C@_02FDNJECIE@?$CB?$DN@ 0000000140015a44     libvcruntime:undname.obj
 0002:00000a48       ??_C@_02GPECMEKF@?$FL?$FN@ 0000000140015a48     libvcruntime:undname.obj
 0002:00000a50       ??_C@_08LHJFAFGD@operator@ 0000000140015a50     libvcruntime:undname.obj
 0002:00000a5c       ??_C@_02HBOOOICD@?9?$DO@   0000000140015a5c     libvcruntime:undname.obj
 0002:00000a60       ??_C@_01NBENCBCI@?$CK@     0000000140015a60     libvcruntime:undname.obj
 0002:00000a64       ??_C@_02ECNGHCIF@?$CL?$CL@ 0000000140015a64     libvcruntime:undname.obj
 0002:00000a68       ??_C@_02BAABKJLB@?9?9@     0000000140015a68     libvcruntime:undname.obj
 0002:00000a6c       ??_C@_01JOAMLHOP@?9@       0000000140015a6c     libvcruntime:undname.obj
 0002:00000a70       ??_C@_01MIFGBAGJ@?$CL@     0000000140015a70     libvcruntime:undname.obj
 0002:00000a74       ??_C@_01HNPIGOCE@?$CG@     0000000140015a74     libvcruntime:undname.obj
 0002:00000a78       ??_C@_03MNHNFDLC@?9?$DO?$CK@ 0000000140015a78     libvcruntime:undname.obj
 0002:00000a7c       ??_C@_01KMDKNFGN@?1@       0000000140015a7c     libvcruntime:undname.obj
 0002:00000a80       ??_C@_01FGNFDNOH@?$CF@     0000000140015a80     libvcruntime:undname.obj
 0002:00000a84       ??_C@_01MNNFJEPP@?$DM@     0000000140015a84     libvcruntime:undname.obj
 0002:00000a88       ??_C@_02EHCHHCKH@?$DM?$DN@ 0000000140015a88     libvcruntime:undname.obj
 0002:00000a8c       ??_C@_01PPODPGHN@?$DO@     0000000140015a8c     libvcruntime:undname.obj
 0002:00000a90       ??_C@_02EEKDKGMJ@?$DO?$DN@ 0000000140015a90     libvcruntime:undname.obj
 0002:00000a94       ??_C@_01IHBHIGKO@?0@       0000000140015a94     libvcruntime:undname.obj
 0002:00000a98       ??_C@_02HCKGKOFO@?$CI?$CJ@ 0000000140015a98     libvcruntime:undname.obj
 0002:00000a9c       ??_C@_01PJKLJHI@?$HO@      0000000140015a9c     libvcruntime:undname.obj
 0002:00000aa0       ??_C@_01JKBOJNNK@?$FO@     0000000140015aa0     libvcruntime:undname.obj
 0002:00000aa4       ??_C@_01DNKMNLPK@?$HM@     0000000140015aa4     libvcruntime:undname.obj
 0002:00000aa8       ??_C@_02PPKAJPJL@?$CG?$CG@ 0000000140015aa8     libvcruntime:undname.obj
 0002:00000aac       ??_C@_02NONPIBCD@?$HM?$HM@ 0000000140015aac     libvcruntime:undname.obj
 0002:00000ab0       ??_C@_02FPIMKNGF@?$CK?$DN@ 0000000140015ab0     libvcruntime:undname.obj
 0002:00000ab4       ??_C@_02FOEOMHFC@?$CL?$DN@ 0000000140015ab4     libvcruntime:undname.obj
 0002:00000ab8       ??_C@_02FKMDLLOA@?9?$DN@   0000000140015ab8     libvcruntime:undname.obj
 0002:00000abc       ??_C@_02FJEHGPIO@?1?$DN@   0000000140015abc     libvcruntime:undname.obj
 0002:00000ac0       ??_C@_02FENAOKFI@?$CF?$DN@ 0000000140015ac0     libvcruntime:undname.obj
 0002:00000ac4       ??_C@_03IKFCCPFF@?$DO?$DO?$DN@ 0000000140015ac4     libvcruntime:undname.obj
 0002:00000ac8       ??_C@_03CDNPDDLA@?$DM?$DM?$DN@ 0000000140015ac8     libvcruntime:undname.obj
 0002:00000acc       ??_C@_02FGJGFEAB@?$CG?$DN@ 0000000140015acc     libvcruntime:undname.obj
 0002:00000ad0       ??_C@_02DHLNPPGH@?$HM?$DN@ 0000000140015ad0     libvcruntime:undname.obj
 0002:00000ad4       ??_C@_02MHEGNOJ@?$FO?$DN@  0000000140015ad4     libvcruntime:undname.obj
 0002:00000ad8       ??_C@_09IFPLHPGF@?$GAvftable?8@ 0000000140015ad8     libvcruntime:undname.obj
 0002:00000ae8       ??_C@_09BLBHBJP@?$GAvbtable?8@ 0000000140015ae8     libvcruntime:undname.obj
 0002:00000af8       ??_C@_07FEEIOKP@?$GAvcall?8@ 0000000140015af8     libvcruntime:undname.obj
 0002:00000b00       ??_C@_08LLFFHHDJ@?$GAtypeof?8@ 0000000140015b00     libvcruntime:undname.obj
 0002:00000b10       ??_C@_0BF@KDPPACIK@?$GAlocal?5static?5guard?8@ 0000000140015b10     libvcruntime:undname.obj
 0002:00000b28       ??_C@_08OBABFOLI@?$GAstring?8@ 0000000140015b28     libvcruntime:undname.obj
 0002:00000b38       ??_C@_0BD@JDLKDPAB@?$GAvbase?5destructor?8@ 0000000140015b38     libvcruntime:undname.obj
 0002:00000b50       ??_C@_0BN@DEGPLNFK@?$GAvector?5deleting?5destructor?8@ 0000000140015b50     libvcruntime:undname.obj
 0002:00000b70       ??_C@_0BO@OBMKPJIG@?$GAdefault?5constructor?5closure?8@ 0000000140015b70     libvcruntime:undname.obj
 0002:00000b90       ??_C@_0BN@IMDCHIKM@?$GAscalar?5deleting?5destructor?8@ 0000000140015b90     libvcruntime:undname.obj
 0002:00000bb0       ??_C@_0BO@PFGOCPJJ@?$GAvector?5constructor?5iterator?8@ 0000000140015bb0     libvcruntime:undname.obj
 0002:00000bd0       ??_C@_0BN@LFPFMEDL@?$GAvector?5destructor?5iterator?8@ 0000000140015bd0     libvcruntime:undname.obj
 0002:00000bf0       ??_C@_0CE@IKBNEHA@?$GAvector?5vbase?5constructor?5itera@ 0000000140015bf0     libvcruntime:undname.obj
 0002:00000c18       ??_C@_0BL@NILFHHPC@?$GAvirtual?5displacement?5map?8@ 0000000140015c18     libvcruntime:undname.obj
 0002:00000c38       ??_C@_0CB@JONCMFFK@?$GAeh?5vector?5constructor?5iterator@ 0000000140015c38     libvcruntime:undname.obj
 0002:00000c60       ??_C@_0CA@GCEOPDGL@?$GAeh?5vector?5destructor?5iterator?8@ 0000000140015c60     libvcruntime:undname.obj
 0002:00000c80       ??_C@_0CH@OOJPLCPH@?$GAeh?5vector?5vbase?5constructor?5it@ 0000000140015c80     libvcruntime:undname.obj
 0002:00000ca8       ??_C@_0BL@LLKPOHJI@?$GAcopy?5constructor?5closure?8@ 0000000140015ca8     libvcruntime:undname.obj
 0002:00000cc8       ??_C@_0BA@KBCDOMBN@?$GAudt?5returning?8@ 0000000140015cc8     libvcruntime:undname.obj
 0002:00000cd8       ??_C@_03KLGMFNMG@?$GAEH@   0000000140015cd8     libvcruntime:undname.obj
 0002:00000cdc       ??_C@_05KHLCHHI@?$GARTTI@  0000000140015cdc     libvcruntime:undname.obj
 0002:00000ce8       ??_C@_0BA@KKLDJDLB@?$GAlocal?5vftable?8@ 0000000140015ce8     libvcruntime:undname.obj
 0002:00000cf8       ??_C@_0CE@IIHCMGGL@?$GAlocal?5vftable?5constructor?5clos@ 0000000140015cf8     libvcruntime:undname.obj
 0002:00000d1c       ??_C@_06FHBGPFGH@?5new?$FL?$FN@ 0000000140015d1c     libvcruntime:undname.obj
 0002:00000d28       ??_C@_09LBNFPBCA@?5delete?$FL?$FN@ 0000000140015d28     libvcruntime:undname.obj
 0002:00000d38       ??_C@_0P@HJKNJFNN@?$GAomni?5callsig?8@ 0000000140015d38     libvcruntime:undname.obj
 0002:00000d48       ??_C@_0BL@CNOONJFP@?$GAplacement?5delete?5closure?8@ 0000000140015d48     libvcruntime:undname.obj
 0002:00000d68       ??_C@_0BN@CKNJLHMB@?$GAplacement?5delete?$FL?$FN?5closure?8@ 0000000140015d68     libvcruntime:undname.obj
 0002:00000d88       ??_C@_0CG@CFDHKGGD@?$GAmanaged?5vector?5constructor?5ite@ 0000000140015d88     libvcruntime:undname.obj
 0002:00000db0       ??_C@_0CF@IMGKMJNO@?$GAmanaged?5vector?5destructor?5iter@ 0000000140015db0     libvcruntime:undname.obj
 0002:00000dd8       ??_C@_0CG@HLDDJMAG@?$GAeh?5vector?5copy?5constructor?5ite@ 0000000140015dd8     libvcruntime:undname.obj
 0002:00000e00       ??_C@_0CM@FCBBDIGB@?$GAeh?5vector?5vbase?5copy?5construct@ 0000000140015e00     libvcruntime:undname.obj
 0002:00000e30       ??_C@_0BL@CLIPGLGB@?$GAdynamic?5initializer?5for?5?8@ 0000000140015e30     libvcruntime:undname.obj
 0002:00000e50       ??_C@_0CB@PDBIFEP@?$GAdynamic?5atexit?5destructor?5for?5@ 0000000140015e50     libvcruntime:undname.obj
 0002:00000e78       ??_C@_0CD@CGAJBKEJ@?$GAvector?5copy?5constructor?5iterat@ 0000000140015e78     libvcruntime:undname.obj
 0002:00000ea0       ??_C@_0CJ@GJELGAMM@?$GAvector?5vbase?5copy?5constructor?5@ 0000000140015ea0     libvcruntime:undname.obj
 0002:00000ed0       ??_C@_0CL@FGIJHLCE@?$GAmanaged?5vector?5copy?5constructo@ 0000000140015ed0     libvcruntime:undname.obj
 0002:00000f00       ??_C@_0BM@PMGGMLDN@?$GAlocal?5static?5thread?5guard?8@ 0000000140015f00     libvcruntime:undname.obj
 0002:00000f20       ??_C@_0N@BDNMDMOL@operator?5?$CC?$CC?5@ 0000000140015f20     libvcruntime:undname.obj
 0002:00000f30       ??_C@_0BC@GGEBGALA@operator?5co_await@ 0000000140015f30     libvcruntime:undname.obj
 0002:00000f48       ??_C@_0BC@DAFEJGAK@?5Type?5Descriptor?8@ 0000000140015f48     libvcruntime:undname.obj
 0002:00000f60       ??_C@_0BM@LDKODKLH@?5Base?5Class?5Descriptor?5at?5?$CI@ 0000000140015f60     libvcruntime:undname.obj
 0002:00000f80       ??_C@_0BD@LGICGFMM@?5Base?5Class?5Array?8@ 0000000140015f80     libvcruntime:undname.obj
 0002:00000f98       ??_C@_0BN@MECKDCOJ@?5Class?5Hierarchy?5Descriptor?8@ 0000000140015f98     libvcruntime:undname.obj
 0002:00000fb8       ??_C@_0BK@CFCOFLF@?5Complete?5Object?5Locator?8@ 0000000140015fb8     libvcruntime:undname.obj
 0002:00001080       ??_7exception@std@@6B@     0000000140016080     libvcruntime:frame.obj
 0002:00001090       ??_C@_0BC@EOODALEL@Unknown?5exception@ 0000000140016090     libvcruntime:frame.obj
 0002:000010b0       ??_7bad_exception@std@@6B@ 00000001400160b0     libvcruntime:frame.obj
 0002:000010c0       ??_C@_0O@DPKOEFFH@bad?5exception@ 00000001400160c0     libvcruntime:frame.obj
 0002:00001110       format_validation_lookup_table 0000000140016110     libucrt:output.obj
 0002:00001170       ??_C@_1O@CEDCILHN@?$AA?$CI?$AAn?$AAu?$AAl?$AAl?$AA?$CJ?$AA?$AA@ 0000000140016170     libucrt:output.obj
 0002:00001180       ??_C@_06OJHGLDPL@?$CInull?$CJ?$AA@ 0000000140016180     libucrt:output.obj
 0002:00001190       __acrt_exception_action_table 0000000140016190     libucrt:exception_filter.obj
 0002:00001250       __acrt_signal_action_table_count 0000000140016250     libucrt:exception_filter.obj
 0002:00001258       __acrt_signal_action_first_fpe_index 0000000140016258     libucrt:exception_filter.obj
 0002:00001260       __acrt_signal_action_fpe_count 0000000140016260     libucrt:exception_filter.obj
 0002:00001268       ??_C@_1BI@BGOHAHKC@?$AAm?$AAs?$AAc?$AAo?$AAr?$AAe?$AAe?$AA?4?$AAd?$AAl?$AAl?$AA?$AA@ 0000000140016268     libucrt:exit.obj
 0002:00001280       ??_C@_0P@MIGLKIOC@CorExitProcess?$AA@ 0000000140016280     libucrt:exit.obj
 0002:000014f0       ??_C@_03OEIAHPBN@INF?$AA@  00000001400164f0     libucrt:cvt.obj
 0002:000014f4       ??_C@_03OJHLLCGB@inf?$AA@  00000001400164f4     libucrt:cvt.obj
 0002:000014f8       ??_C@_03LKNCIKJB@NAN?$AA@  00000001400164f8     libucrt:cvt.obj
 0002:000014fc       ??_C@_03LHCJEHON@nan?$AA@  00000001400164fc     libucrt:cvt.obj
 0002:00001500       ??_C@_09OFJJIMPC@NAN?$CISNAN?$CJ?$AA@ 0000000140016500     libucrt:cvt.obj
 0002:00001510       ??_C@_09IPFBKMDL@nan?$CIsnan?$CJ?$AA@ 0000000140016510     libucrt:cvt.obj
 0002:00001520       ??_C@_08IKHNHAJ@NAN?$CIIND?$CJ?$AA@ 0000000140016520     libucrt:cvt.obj
 0002:00001530       ??_C@_08OFCDMILK@nan?$CIind?$CJ?$AA@ 0000000140016530     libucrt:cvt.obj
 0002:0000153c       ??_C@_05KLBDPFGC@e?$CL000?$AA@ 000000014001653c     libucrt:cvt.obj
 0002:00001550       __lc_time_c                0000000140016550     libucrt:nlsdata.obj
 0002:00001810       ??_C@_03KOEHGMDN@Sun?$AA@  0000000140016810     libucrt:nlsdata.obj
 0002:00001814       ??_C@_03PDAGKDH@Mon?$AA@   0000000140016814     libucrt:nlsdata.obj
 0002:00001818       ??_C@_03NAGEINEP@Tue?$AA@  0000000140016818     libucrt:nlsdata.obj
 0002:0000181c       ??_C@_03MHOMLAJA@Wed?$AA@  000000014001681c     libucrt:nlsdata.obj
 0002:00001820       ??_C@_03IOFIKPDN@Thu?$AA@  0000000140016820     libucrt:nlsdata.obj
 0002:00001824       ??_C@_03IDIOELNC@Fri?$AA@  0000000140016824     libucrt:nlsdata.obj
 0002:00001828       ??_C@_03FEFJNEK@Sat?$AA@   0000000140016828     libucrt:nlsdata.obj
 0002:0000182c       ??_C@_06OOPIFAJ@Sunday?$AA@ 000000014001682c     libucrt:nlsdata.obj
 0002:00001834       ??_C@_06JLEDEDGH@Monday?$AA@ 0000000140016834     libucrt:nlsdata.obj
 0002:00001840       ??_C@_07BAAGCFCM@Tuesday?$AA@ 0000000140016840     libucrt:nlsdata.obj
 0002:00001848       ??_C@_09DLIGFAKA@Wednesday?$AA@ 0000000140016848     libucrt:nlsdata.obj
 0002:00001858       ??_C@_08HACCIKIA@Thursday?$AA@ 0000000140016858     libucrt:nlsdata.obj
 0002:00001864       ??_C@_06JECMNKMI@Friday?$AA@ 0000000140016864     libucrt:nlsdata.obj
 0002:00001870       ??_C@_08INBOOONO@Saturday?$AA@ 0000000140016870     libucrt:nlsdata.obj
 0002:0000187c       ??_C@_03JIHJHPIE@Jan?$AA@  000000014001687c     libucrt:nlsdata.obj
 0002:00001880       ??_C@_03HJBDCHOM@Feb?$AA@  0000000140016880     libucrt:nlsdata.obj
 0002:00001884       ??_C@_03ODNJBKGA@Mar?$AA@  0000000140016884     libucrt:nlsdata.obj
 0002:00001888       ??_C@_03LEOLGMJP@Apr?$AA@  0000000140016888     libucrt:nlsdata.obj
 0002:0000188c       ??_C@_03CNMDKL@May?$AA@    000000014001688c     libucrt:nlsdata.obj
 0002:00001890       ??_C@_03IDFGHECI@Jun?$AA@  0000000140016890     libucrt:nlsdata.obj
 0002:00001894       ??_C@_03LBGABGKK@Jul?$AA@  0000000140016894     libucrt:nlsdata.obj
 0002:00001898       ??_C@_03IFJFEIGA@Aug?$AA@  0000000140016898     libucrt:nlsdata.obj
 0002:0000189c       ??_C@_03GGCAPAJC@Sep?$AA@  000000014001689c     libucrt:nlsdata.obj
 0002:000018a0       ??_C@_03BMAOKBAD@Oct?$AA@  00000001400168a0     libucrt:nlsdata.obj
 0002:000018a4       ??_C@_03JPJOFNIA@Nov?$AA@  00000001400168a4     libucrt:nlsdata.obj
 0002:000018a8       ??_C@_03MKABNOCG@Dec?$AA@  00000001400168a8     libucrt:nlsdata.obj
 0002:000018b0       ??_C@_07CGJPFGJA@January?$AA@ 00000001400168b0     libucrt:nlsdata.obj
 0002:000018b8       ??_C@_08GNJGEPFN@February?$AA@ 00000001400168b8     libucrt:nlsdata.obj
 0002:000018c4       ??_C@_05HPCKOFNC@March?$AA@ 00000001400168c4     libucrt:nlsdata.obj
 0002:000018cc       ??_C@_05DMJDNLEJ@April?$AA@ 00000001400168cc     libucrt:nlsdata.obj
 0002:000018d4       ??_C@_04CNLMGBGM@June?$AA@ 00000001400168d4     libucrt:nlsdata.obj
 0002:000018dc       ??_C@_04MIEPOIFP@July?$AA@ 00000001400168dc     libucrt:nlsdata.obj
 0002:000018e4       ??_C@_06LBBHFDDG@August?$AA@ 00000001400168e4     libucrt:nlsdata.obj
 0002:000018f0       ??_C@_09BHHEALKD@September?$AA@ 00000001400168f0     libucrt:nlsdata.obj
 0002:00001900       ??_C@_07JJNFCEND@October?$AA@ 0000000140016900     libucrt:nlsdata.obj
 0002:00001908       ??_C@_08HCHEGEOA@November?$AA@ 0000000140016908     libucrt:nlsdata.obj
 0002:00001918       ??_C@_08EDHMEBNP@December?$AA@ 0000000140016918     libucrt:nlsdata.obj
 0002:00001924       ??_C@_02DEDBPAFC@AM?$AA@   0000000140016924     libucrt:nlsdata.obj
 0002:00001928       ??_C@_02CJNFDJBF@PM?$AA@   0000000140016928     libucrt:nlsdata.obj
 0002:00001930       ??_C@_08BPBNCDIB@MM?1dd?1yy?$AA@ 0000000140016930     libucrt:nlsdata.obj
 0002:00001940       ??_C@_0BE@CKGJFCPC@dddd?0?5MMMM?5dd?0?5yyyy?$AA@ 0000000140016940     libucrt:nlsdata.obj
 0002:00001958       ??_C@_08JCCMCCIL@HH?3mm?3ss?$AA@ 0000000140016958     libucrt:nlsdata.obj
 0002:00001968       ??_C@_17MBGCMIPB@?$AAS?$AAu?$AAn?$AA?$AA@ 0000000140016968     libucrt:nlsdata.obj
 0002:00001970       ??_C@_17KBOMKBF@?$AAM?$AAo?$AAn?$AA?$AA@ 0000000140016970     libucrt:nlsdata.obj
 0002:00001978       ??_C@_17BMKGEGOJ@?$AAT?$AAu?$AAe?$AA?$AA@ 0000000140016978     libucrt:nlsdata.obj
 0002:00001980       ??_C@_17CJEDCEPE@?$AAW?$AAe?$AAd?$AA?$AA@ 0000000140016980     libucrt:nlsdata.obj
 0002:00001988       ??_C@_17PDPHAADD@?$AAT?$AAh?$AAu?$AA?$AA@ 0000000140016988     libucrt:nlsdata.obj
 0002:00001990       ??_C@_17HFOLPPLP@?$AAF?$AAr?$AAi?$AA?$AA@ 0000000140016990     libucrt:nlsdata.obj
 0002:00001998       ??_C@_17GGIBDPIH@?$AAS?$AAa?$AAt?$AA?$AA@ 0000000140016998     libucrt:nlsdata.obj
 0002:000019a0       ??_C@_1O@IHNHDHPB@?$AAS?$AAu?$AAn?$AAd?$AAa?$AAy?$AA?$AA@ 00000001400169a0     libucrt:nlsdata.obj
 0002:000019b0       ??_C@_1O@MMNBFLIA@?$AAM?$AAo?$AAn?$AAd?$AAa?$AAy?$AA?$AA@ 00000001400169b0     libucrt:nlsdata.obj
 0002:000019c0       ??_C@_1BA@ENFBFFEK@?$AAT?$AAu?$AAe?$AAs?$AAd?$AAa?$AAy?$AA?$AA@ 00000001400169c0     libucrt:nlsdata.obj
 0002:000019d0       ??_C@_1BE@EBOGMDOH@?$AAW?$AAe?$AAd?$AAn?$AAe?$AAs?$AAd?$AAa?$AAy?$AA?$AA@ 00000001400169d0     libucrt:nlsdata.obj
 0002:000019e8       ??_C@_1BC@HHMNLIHE@?$AAT?$AAh?$AAu?$AAr?$AAs?$AAd?$AAa?$AAy?$AA?$AA@ 00000001400169e8     libucrt:nlsdata.obj
 0002:00001a00       ??_C@_1O@PDICJHAG@?$AAF?$AAr?$AAi?$AAd?$AAa?$AAy?$AA?$AA@ 0000000140016a00     libucrt:nlsdata.obj
 0002:00001a10       ??_C@_1BC@ENMNNPAJ@?$AAS?$AAa?$AAt?$AAu?$AAr?$AAd?$AAa?$AAy?$AA?$AA@ 0000000140016a10     libucrt:nlsdata.obj
 0002:00001a28       ??_C@_17DKNBKCHM@?$AAJ?$AAa?$AAn?$AA?$AA@ 0000000140016a28     libucrt:nlsdata.obj
 0002:00001a30       ??_C@_17LMDJEKJN@?$AAF?$AAe?$AAb?$AA?$AA@ 0000000140016a30     libucrt:nlsdata.obj
 0002:00001a38       ??_C@_17CKNLEDEC@?$AAM?$AAa?$AAr?$AA?$AA@ 0000000140016a38     libucrt:nlsdata.obj
 0002:00001a40       ??_C@_17LFPOIHDD@?$AAA?$AAp?$AAr?$AA?$AA@ 0000000140016a40     libucrt:nlsdata.obj
 0002:00001a48       ??_C@_17PNNKMEED@?$AAM?$AAa?$AAy?$AA?$AA@ 0000000140016a48     libucrt:nlsdata.obj
 0002:00001a50       ??_C@_17KCJGOCPB@?$AAJ?$AAu?$AAn?$AA?$AA@ 0000000140016a50     libucrt:nlsdata.obj
 0002:00001a58       ??_C@_17IJPCKHK@?$AAJ?$AAu?$AAl?$AA?$AA@ 0000000140016a58     libucrt:nlsdata.obj
 0002:00001a60       ??_C@_17ICPELBCN@?$AAA?$AAu?$AAg?$AA?$AA@ 0000000140016a60     libucrt:nlsdata.obj
 0002:00001a68       ??_C@_17HCHCOKMG@?$AAS?$AAe?$AAp?$AA?$AA@ 0000000140016a68     libucrt:nlsdata.obj
 0002:00001a70       ??_C@_17FNLKOI@?$AAO?$AAc?$AAt?$AA?$AA@ 0000000140016a70     libucrt:nlsdata.obj
 0002:00001a78       ??_C@_17BBDMLCIG@?$AAN?$AAo?$AAv?$AA?$AA@ 0000000140016a78     libucrt:nlsdata.obj
 0002:00001a80       ??_C@_17EGKACKIF@?$AAD?$AAe?$AAc?$AA?$AA@ 0000000140016a80     libucrt:nlsdata.obj
 0002:00001a88       ??_C@_1BA@EFMEIEBA@?$AAJ?$AAa?$AAn?$AAu?$AAa?$AAr?$AAy?$AA?$AA@ 0000000140016a88     libucrt:nlsdata.obj
 0002:00001a98       ??_C@_1BC@JGDDFFAM@?$AAF?$AAe?$AAb?$AAr?$AAu?$AAa?$AAr?$AAy?$AA?$AA@ 0000000140016a98     libucrt:nlsdata.obj
 0002:00001ab0       ??_C@_1M@IKEENEDF@?$AAM?$AAa?$AAr?$AAc?$AAh?$AA?$AA@ 0000000140016ab0     libucrt:nlsdata.obj
 0002:00001ac0       ??_C@_1M@GJNLMHFD@?$AAA?$AAp?$AAr?$AAi?$AAl?$AA?$AA@ 0000000140016ac0     libucrt:nlsdata.obj
 0002:00001ad0       ??_C@_19EPFLPGAP@?$AAJ?$AAu?$AAn?$AAe?$AA?$AA@ 0000000140016ad0     libucrt:nlsdata.obj
 0002:00001ae0       ??_C@_19BIFMLPCD@?$AAJ?$AAu?$AAl?$AAy?$AA?$AA@ 0000000140016ae0     libucrt:nlsdata.obj
 0002:00001af0       ??_C@_1O@PAHLKOAC@?$AAA?$AAu?$AAg?$AAu?$AAs?$AAt?$AA?$AA@ 0000000140016af0     libucrt:nlsdata.obj
 0002:00001b00       ??_C@_1BE@DKAAMBJL@?$AAS?$AAe?$AAp?$AAt?$AAe?$AAm?$AAb?$AAe?$AAr?$AA?$AA@ 0000000140016b00     libucrt:nlsdata.obj
 0002:00001b18       ??_C@_1BA@EPANDLNG@?$AAO?$AAc?$AAt?$AAo?$AAb?$AAe?$AAr?$AA?$AA@ 0000000140016b18     libucrt:nlsdata.obj
 0002:00001b28       ??_C@_1BC@BGLIFPF@?$AAN?$AAo?$AAv?$AAe?$AAm?$AAb?$AAe?$AAr?$AA?$AA@ 0000000140016b28     libucrt:nlsdata.obj
 0002:00001b40       ??_C@_1BC@FEMKIFH@?$AAD?$AAe?$AAc?$AAe?$AAm?$AAb?$AAe?$AAr?$AA?$AA@ 0000000140016b40     libucrt:nlsdata.obj
 0002:00001b54       ??_C@_15ODEHAHHF@?$AAA?$AAM?$AA?$AA@ 0000000140016b54     libucrt:nlsdata.obj
 0002:00001b5c       ??_C@_15CLMNNGEL@?$AAP?$AAM?$AA?$AA@ 0000000140016b5c     libucrt:nlsdata.obj
 0002:00001b68       ??_C@_1BC@IEBCMHCM@?$AAM?$AAM?$AA?1?$AAd?$AAd?$AA?1?$AAy?$AAy?$AA?$AA@ 0000000140016b68     libucrt:nlsdata.obj
 0002:00001b80       ??_C@_1CI@KNAKOEBC@?$AAd?$AAd?$AAd?$AAd?$AA?0?$AA?5?$AAM?$AAM?$AAM?$AAM?$AA?5?$AAd?$AAd?$AA?0?$AA?5?$AAy?$AAy?$AAy?$AAy?$AA?$AA@ 0000000140016b80     libucrt:nlsdata.obj
 0002:00001ba8       ??_C@_1BC@GDGBMEMK@?$AAH?$AAH?$AA?3?$AAm?$AAm?$AA?3?$AAs?$AAs?$AA?$AA@ 0000000140016ba8     libucrt:nlsdata.obj
 0002:00001bc0       ??_C@_1M@BMHNFIME@?$AAe?$AAn?$AA?9?$AAU?$AAS?$AA?$AA@ 0000000140016bc0     libucrt:nlsdata.obj
 0002:00001bf0       ??_C@_1M@HPNHIDJI@?$AAj?$AAa?$AA?9?$AAJ?$AAP?$AA?$AA@ 0000000140016bf0     libucrt:mbctype.obj
 0002:00001c00       ??_C@_1M@BIBDDEMK@?$AAz?$AAh?$AA?9?$AAC?$AAN?$AA?$AA@ 0000000140016c00     libucrt:mbctype.obj
 0002:00001c10       ??_C@_1M@JLOOOEGK@?$AAk?$AAo?$AA?9?$AAK?$AAR?$AA?$AA@ 0000000140016c10     libucrt:mbctype.obj
 0002:00001c20       ??_C@_1M@CLNBBOPM@?$AAz?$AAh?$AA?9?$AAT?$AAW?$AA?$AA@ 0000000140016c20     libucrt:mbctype.obj
[...]
 0004:00000b34       $pdata$__acrt_initialize_lowio$fin$0 0000000140022b34     libucrt:ioinit.obj
 0004:00000b34       $pdata$__acrt_lowio_ensure_fh_exists$fin$0 0000000140022b34     libucrt:osfinfo.obj
 0004:00000b40       $pdata$__acrt_uninitialize_lowio 0000000140022b40     libucrt:ioinit.obj
 0004:00000b4c       $pdata$?initialize_inherited_file_handles_nolock@@YAXXZ 0000000140022b4c     libucrt:ioinit.obj
 0004:00000b58       $pdata$?initialize_stdio_handles_nolock@@YAXXZ 0000000140022b58     libucrt:ioinit.obj
 0004:00000b64       $pdata$_calloc_base        0000000140022b64     libucrt:calloc_base.obj
 0004:00000b70       $pdata$??$common_expand_argv_wildcards@D@@YAHQEAPEADQEAPEAPEAD@Z 0000000140022b70     libucrt:argv_wildcards.obj
 0004:00000b7c       $pdata$??$copy_and_add_argument_to_buffer@D@@YAHQEBD0_KAEAV?$argument_list@D@?A0x5f5c8891@@@Z 0000000140022b7c     libucrt:argv_wildcards.obj
 0004:00000b88       $pdata$??$expand_argument_wildcards@D@@YAHQEAD0AEAV?$argument_list@D@?A0x5f5c8891@@@Z 0000000140022b88     libucrt:argv_wildcards.obj
 0004:00000b94       $pdata$__acrt_GetModuleFileNameA 0000000140022b94     libucrt:getmodulefilenamea.obj
 0004:00000ba0       $pdata$__acrt_update_thread_multibyte_data 0000000140022ba0     libucrt:mbctype.obj
 0004:00000bac       $pdata$__acrt_initialize_multibyte 0000000140022bac     libucrt:mbctype.obj
 0004:00000bb8       $pdata$_setmbcp_nolock     0000000140022bb8     libucrt:mbctype.obj
 0004:00000bc4       $pdata$?getSystemCP@@YAHH@Z 0000000140022bc4     libucrt:mbctype.obj
 0004:00000bd0       $pdata$?setSBCS@@YAXPEAU__crt_multibyte_data@@@Z 0000000140022bd0     libucrt:mbctype.obj
 0004:00000bdc       $pdata$?update_thread_multibyte_data_internal@@YAPEAU__crt_multibyte_data@@QEAU__acrt_ptd@@QEAPEAU1@@Z 0000000140022bdc     libucrt:mbctype.obj
 0004:00000be8       $pdata$?fin$0@?0??update_thread_multibyte_data_internal@@YAPEAU__crt_multibyte_data@@QEAU__acrt_ptd@@QEAPEAU1@@Z@4HA 0000000140022be8     libucrt:mbctype.obj
 0004:00000bf4       $pdata$?setmbcp_internal@@YAHH_NQEAU__acrt_ptd@@QEAPEAU__crt_multibyte_data@@@Z 0000000140022bf4     libucrt:mbctype.obj
 0004:00000c00       $pdata$?setSBUpLow@@YAXPEAU__crt_multibyte_data@@@Z 0000000140022c00     libucrt:mbctype.obj
 0004:00000c0c       $pdata$??$?RV<lambda_efdfa57d1f175319df784efa44bb7b81>@@AEAV<lambda_5f0a4c1567f8adc6734073e5d1e1b35c>@@V<lambda_2e8a7d3640ea6ccb4c2413664c2db6fd>@@@?$__crt_seh_guarded_call@X@@QEAAX$$QEAV<lambda_efdfa57d1f175319df784efa44bb7b81>@@AEAV<lambda_5f0a4c1567f8adc6734073e5d1e1b35c>@@$$QEAV<lambda_2e8a7d3640ea6ccb4c2413664c2db6fd>@@@Z 0000000140022c0c     libucrt:mbctype.obj
 0004:00000c18       $pdata$?x_ismbbtype_l@@YAHPEAU__crt_locale_pointers@@IHH@Z 0000000140022c18     libucrt:ismbbyte.obj
 0004:00000c24       $pdata$__acrt_initialize_command_line 0000000140022c24     libucrt:argv_data.obj
 0004:00000c30       $pdata$__acrt_WideCharToMultiByte 0000000140022c30     libucrt:widechartomultibyte.obj
 0004:00000c3c       $pdata$__dcrt_get_narrow_environment_from_os 0000000140022c3c     libucrt:get_environment_from_os.obj
 0004:00000c48       $pdata$__acrt_initialize_locks 0000000140022c48     libucrt:locks.obj
 0004:00000c54       $pdata$__acrt_uninitialize_locks 0000000140022c54     libucrt:locks.obj
 0004:00000c60       $pdata$__acrt_get_process_end_policy 0000000140022c60     libucrt:win_policies.obj
 0004:00000c6c       $pdata$_get_osfhandle      0000000140022c6c     libucrt:osfinfo.obj
 0004:00000c78       $pdata$_free_osfhnd        0000000140022c78     libucrt:osfinfo.obj
 0004:00000c84       $pdata$__acrt_lowio_create_handle_array 0000000140022c84     libucrt:osfinfo.obj
 0004:00000c90       $pdata$__acrt_lowio_destroy_handle_array 0000000140022c90     libucrt:osfinfo.obj
 0004:00000c9c       $pdata$__acrt_lowio_ensure_fh_exists 0000000140022c9c     libucrt:osfinfo.obj
 0004:00000ca8       $pdata$__acrt_locale_free_monetary 0000000140022ca8     libucrt:initmon.obj
 0004:00000cb4       $pdata$__acrt_locale_free_numeric 0000000140022cb4     libucrt:initnum.obj
 0004:00000cc0       $pdata$__acrt_locale_free_time 0000000140022cc0     libucrt:inittime.obj
 0004:00000ccc       $pdata$?free_crt_array_internal@@YAXQEAPEBX_K@Z 0000000140022ccc     libucrt:inittime.obj
 0004:00000cd8       $pdata$__pctype_func       0000000140022cd8     libucrt:ctype.obj
 0004:00000ce4       $pdata$__acrt_GetStringTypeA 0000000140022ce4     libucrt:getstringtypea.obj
 0004:00000cf0       $pdata$__acrt_release_locale_ref 0000000140022cf0     libucrt:locale_refcounting.obj
 0004:00000cfc       $pdata$__acrt_free_locale  0000000140022cfc     libucrt:locale_refcounting.obj
 0004:00000d08       $pdata$__acrt_locale_free_lc_time_if_unreferenced 0000000140022d08     libucrt:locale_refcounting.obj
 0004:00000d14       $pdata$__acrt_update_thread_locale_data 0000000140022d14     libucrt:locale_refcounting.obj
 0004:00000d20       $pdata$__acrt_update_thread_locale_data$fin$0 0000000140022d20     libucrt:locale_refcounting.obj
 0004:00000d2c       $pdata$_updatetlocinfoEx_nolock 0000000140022d2c     libucrt:locale_refcounting.obj
 0004:00000d38       $pdata$__acrt_initialize_winapi_thunks 0000000140022d38     libucrt:winapi_thunks.obj
 0004:00000d44       $pdata$__acrt_uninitialize_winapi_thunks 0000000140022d44     libucrt:winapi_thunks.obj
 0004:00000d50       $pdata$__acrt_FlsAlloc     0000000140022d50     libucrt:winapi_thunks.obj
 0004:00000d5c       $pdata$__acrt_FlsFree      0000000140022d5c     libucrt:winapi_thunks.obj
 0004:00000d68       $pdata$__acrt_FlsGetValue  0000000140022d68     libucrt:winapi_thunks.obj
 0004:00000d74       $pdata$__acrt_FlsSetValue  0000000140022d74     libucrt:winapi_thunks.obj
 0004:00000d80       $pdata$__acrt_InitializeCriticalSectionEx 0000000140022d80     libucrt:winapi_thunks.obj
 0004:00000d8c       $pdata$__acrt_LCMapStringEx 0000000140022d8c     libucrt:winapi_thunks.obj
 0004:00000d98       $pdata$__acrt_LocaleNameToLCID 0000000140022d98     libucrt:winapi_thunks.obj
 0004:00000da4       $pdata$__acrt_AppPolicyGetProcessTerminationMethodInternal 0000000140022da4     libucrt:winapi_thunks.obj
 0004:00000db0       $pdata$?try_get_function@@YAPEAXW4function_id@?A0x391cf84c@@QEBDQEBW4module_id@2@2@Z 0000000140022db0     libucrt:winapi_thunks.obj
 0004:00000dbc       $pdata$_recalloc_base      0000000140022dbc     libucrt:recalloc.obj
 0004:00000dc8       $pdata$__acrt_initialize_heap 0000000140022dc8     libucrt:heap_handle.obj
 0004:00000dd4       $pdata$__acrt_execute_initializers 0000000140022dd4     libucrt:shared_initialization.obj
 0004:00000de0       $pdata$__acrt_execute_uninitializers 0000000140022de0     libucrt:shared_initialization.obj
 0004:00000dec       $pdata$_callnewh           0000000140022dec     libucrt:new_handler.obj
 0004:00000df8       $pdata$_query_new_handler  0000000140022df8     libucrt:new_handler.obj
 0004:00000e04       $pdata$_query_new_handler$fin$0 0000000140022e04     libucrt:new_handler.obj
 0004:00000e10       $pdata$__acrt_get_sigabrt_handler 0000000140022e10     libucrt:signal.obj
 0004:00000e1c       $pdata$raise               0000000140022e1c     libucrt:signal.obj
 0004:00000e28       $pdata$raise$fin$0         0000000140022e28     libucrt:signal.obj
 0004:00000e34       $pdata$??$?RV<lambda_450d765d439847d4c735a33c368b5fc0>@@AEAV<lambda_44731a7d0e6d81c3e6aa82d741081786>@@V<lambda_601a2a7da3b7a96e9554ac7215c4b07c>@@@?$__crt_seh_guarded_call@P6AXH@Z@@QEAAP6AXH@Z$$QEAV<lambda_450d765d439847d4c735a33c368b5fc0>@@AEAV<lambda_44731a7d0e6d81c3e6aa82d741081786>@@$$QEAV<lambda_601a2a7da3b7a96e9554ac7215c4b07c>@@@Z 0000000140022e34     libucrt:signal.obj
 0004:00000e40       $pdata$_fflush_nolock      0000000140022e40     libucrt:fflush.obj
 0004:00000e4c       $pdata$__acrt_stdio_flush_nolock 0000000140022e4c     libucrt:fflush.obj
 0004:00000e58       $pdata$?common_flush_all@@YAH_N@Z 0000000140022e58     libucrt:fflush.obj
 0004:00000e64       $pdata$??$?RV<lambda_842d9ff0dc9ef11c61343bbaebe7f885>@@AEAV<lambda_c5860995281e5c4ce005b3de8f5874ee>@@V<lambda_d90129c13df834fdcbf8d2b88dafcf2d>@@@?$__crt_seh_guarded_call@X@@QEAAX$$QEAV<lambda_842d9ff0dc9ef11c61343bbaebe7f885>@@AEAV<lambda_c5860995281e5c4ce005b3de8f5874ee>@@$$QEAV<lambda_d90129c13df834fdcbf8d2b88dafcf2d>@@@Z 0000000140022e64     libucrt:fflush.obj
 0004:00000e70       $pdata$?fin$0@?0???$?RV<lambda_842d9ff0dc9ef11c61343bbaebe7f885>@@AEAV<lambda_c5860995281e5c4ce005b3de8f5874ee>@@V<lambda_d90129c13df834fdcbf8d2b88dafcf2d>@@@?$__crt_seh_guarded_call@X@@QEAAX$$QEAV<lambda_842d9ff0dc9ef11c61343bbaebe7f885>@@AEAV<lambda_c5860995281e5c4ce005b3de8f5874ee>@@$$QEAV<lambda_d90129c13df834fdcbf8d2b88dafcf2d>@@@Z@4HA 0000000140022e70     libucrt:fflush.obj
 0004:00000e7c       $pdata$??$?RV<lambda_886d6c58226a84441f68b9f2b8217b83>@@AEAV<lambda_ab61a845afdef5b7c387490eaf3616ee>@@V<lambda_f7f22ab5edc0698d5f6905b0d3f44752>@@@?$__crt_seh_guarded_call@X@@QEAAX$$QEAV<lambda_886d6c58226a84441f68b9f2b8217b83>@@AEAV<lambda_ab61a845afdef5b7c387490eaf3616ee>@@$$QEAV<lambda_f7f22ab5edc0698d5f6905b0d3f44752>@@@Z 0000000140022e7c     libucrt:fflush.obj
 0004:00000e88       $pdata$?fin$0@?0???$?RV<lambda_886d6c58226a84441f68b9f2b8217b83>@@AEAV<lambda_ab61a845afdef5b7c387490eaf3616ee>@@V<lambda_f7f22ab5edc0698d5f6905b0d3f44752>@@@?$__crt_seh_guarded_call@X@@QEAAX$$QEAV<lambda_886d6c58226a84441f68b9f2b8217b83>@@AEAV<lambda_ab61a845afdef5b7c387490eaf3616ee>@@$$QEAV<lambda_f7f22ab5edc0698d5f6905b0d3f44752>@@@Z@4HA 0000000140022e88     libucrt:fflush.obj
 0004:00000e94       $pdata$_isctype_l          0000000140022e94     libucrt:isctype.obj
 0004:00000ea0       $pdata$_isleadbyte_l       0000000140022ea0     libucrt:_wctype.obj
 0004:00000eac       $pdata$__acrt_LCMapStringA 0000000140022eac     libucrt:lcmapstringa.obj
 0004:00000eb8       $pdata$?__acrt_LCMapStringA_stat@@YAHPEAU__crt_locale_pointers@@PEB_WKPEBDHPEADHHH@Z 0000000140022eb8     libucrt:lcmapstringa.obj
 0004:00000ec4       $pdata$?__mbrtowc_utf8@__crt_mbstring@@YA_KPEA_WPEBD_KPEAU_Mbstatet@@@Z 0000000140022ec4     libucrt:mbrtowc.obj
 0004:00000ed0       $pdata$?__mbsrtowcs_utf8@__crt_mbstring@@YA_KPEA_WPEAPEBD_KPEAU_Mbstatet@@@Z 0000000140022ed0     libucrt:mbrtowc.obj
 0004:00000edc       $pdata$__acrt_fp_strflt_to_string 0000000140022edc     libucrt:_fptostr.obj
 0004:00000ee8       $pdata$memcpy_s            0000000140022ee8     libucrt:cfout.obj
 0004:00000ef4       $pdata$__acrt_fltout       0000000140022ef4     libucrt:cfout.obj
 0004:00000f00       $pdata$?divide@__crt_strtox@@YA_KAEAUbig_integer@1@AEBU21@@Z 0000000140022f00     libucrt:cfout.obj
 0004:00000f0c       $pdata$0$?divide@__crt_strtox@@YA_KAEAUbig_integer@1@AEBU21@@Z 0000000140022f0c     libucrt:cfout.obj
 0004:00000f18       $pdata$6$?divide@__crt_strtox@@YA_KAEAUbig_integer@1@AEBU21@@Z 0000000140022f18     libucrt:cfout.obj
 0004:00000f24       $pdata$7$?divide@__crt_strtox@@YA_KAEAUbig_integer@1@AEBU21@@Z 0000000140022f24     libucrt:cfout.obj
 0004:00000f30       $pdata$8$?divide@__crt_strtox@@YA_KAEAUbig_integer@1@AEBU21@@Z 0000000140022f30     libucrt:cfout.obj
 0004:00000f3c       $pdata$_fcloseall          0000000140022f3c     libucrt:closeall.obj
 0004:00000f48       $pdata$_fcloseall$fin$0    0000000140022f48     libucrt:closeall.obj
 0004:00000f54       $pdata$__acrt_stdio_free_buffer_nolock 0000000140022f54     libucrt:_freebuf.obj
 0004:00000f60       $pdata$_isatty             0000000140022f60     libucrt:isatty.obj
 0004:00000f6c       $pdata$qsort               0000000140022f6c     libucrt:qsort.obj
 0004:00000f78       $pdata$4$qsort             0000000140022f78     libucrt:qsort.obj
 0004:00000f84       $pdata$5$qsort             0000000140022f84     libucrt:qsort.obj
 0004:00000f90       $pdata$strncpy_s           0000000140022f90     libucrt:strncpy_s.obj
 0004:00000f9c       $pdata$strpbrk             0000000140022f9c     libucrt:strpbrk.obj
 0004:00000fa8       $pdata$fallbackMethod      0000000140022fa8     libucrt:strpbrk.obj
 0004:00000fb4       $pdata$__acrt_FindFirstFileExA 0000000140022fb4     libucrt:findfirstfileexa.obj
 0004:00000fc0       $pdata$??$__acrt_convert_wcs_mbs@D_W$$A6A_KPEA_WPEBD_KPEAU__crt_locale_pointers@@@ZU__crt_win32_buffer_internal_dynamic_resizing@@@@YAHQEBDAEAV?$__crt_win32_buffer@_WU__crt_win32_buffer_internal_dynamic_resizing@@@@A6A_KPEA_WPEBD_KPEAU__crt_locale_pointers@@@Z5@Z 0000000140022fc0     libucrt:findfirstfileexa.obj
 0004:00000fcc       $pdata$__acrt_FindNextFileA 0000000140022fcc     libucrt:findnextfilea.obj
 0004:00000fd8       $pdata$??$__acrt_convert_wcs_mbs@_WD$$A6A_KPEADPEB_W_KPEAU__crt_locale_pointers@@@ZU__crt_win32_buffer_no_resizing@@@@YAHQEB_WAEAV?$__crt_win32_buffer@DU__crt_win32_buffer_no_resizing@@@@A6A_KPEADPEB_W_KPEAU__crt_locale_pointers@@@Z5@Z 0000000140022fd8     libucrt:findnextfilea.obj
 0004:00000fe4       $pdata$_mbsdec_l           0000000140022fe4     libucrt:mbsdec.obj
 0004:00000ff0       $pdata$?_mbstowcs_l_helper@@YA_KPEA_WPEBD_KPEAU__crt_locale_pointers@@@Z 0000000140022ff0     libucrt:mbstowcs.obj
 0004:00000ffc       $pdata$?initialize_multibyte@@YAHXZ 0000000140022ffc     libucrt:multibyte_initializer.obj
 0004:00001008       $pdata$__acrt_DownlevelLocaleNameToLCID 0000000140023008     libucrt:lcidtoname_downlevel.obj
 0004:00001014       $pdata$?GetTableIndexFromLocaleName@@YAHPEB_W@Z 0000000140023014     libucrt:lcidtoname_downlevel.obj
 0004:00001020       $pdata$_msize_base         0000000140023020     libucrt:msize.obj
 0004:0000102c       $pdata$_realloc_base       000000014002302c     libucrt:realloc_base.obj
 0004:00001038       $pdata$_commit             0000000140023038     libucrt:commit.obj
 0004:00001044       $pdata$??$?RV<lambda_a37b2b86f63e897a80ea819b0eb08c01>@@AEAV<lambda_38ce7e780aa69e748d6df282ebc68efe>@@V<lambda_99fb1378e971ab6e7edea83e3a7a83a2>@@@?$__crt_seh_guarded_call@H@@QEAAH$$QEAV<lambda_a37b2b86f63e897a80ea819b0eb08c01>@@AEAV<lambda_38ce7e780aa69e748d6df282ebc68efe>@@$$QEAV<lambda_99fb1378e971ab6e7edea83e3a7a83a2>@@@Z 0000000140023044     libucrt:commit.obj
 0004:00001050       $pdata$?fin$0@?0???$?RV<lambda_751a882b2c74d4b022dec766aa51a29a>@@AEAV<lambda_628dfdc04ba53c8bfc02c9951375f3f5>@@V<lambda_f6c7be5f7998530c34de24c7437d6b54>@@@?$__crt_seh_guarded_call@H@@QEAAH$$QEAV<lambda_751a882b2c74d4b022dec766aa51a29a>@@AEAV<lambda_628dfdc04ba53c8bfc02c9951375f3f5>@@$$QEAV<lambda_f6c7be5f7998530c34de24c7437d6b54>@@@Z@4HA 0000000140023050     libucrt:close.obj
 0004:00001050       $pdata$?fin$0@?0???$?RV<lambda_a37b2b86f63e897a80ea819b0eb08c01>@@AEAV<lambda_38ce7e780aa69e748d6df282ebc68efe>@@V<lambda_99fb1378e971ab6e7edea83e3a7a83a2>@@@?$__crt_seh_guarded_call@H@@QEAAH$$QEAV<lambda_a37b2b86f63e897a80ea819b0eb08c01>@@AEAV<lambda_38ce7e780aa69e748d6df282ebc68efe>@@$$QEAV<lambda_99fb1378e971ab6e7edea83e3a7a83a2>@@@Z@4HA 0000000140023050     libucrt:commit.obj
 0004:0000105c       $pdata$_write              000000014002305c     libucrt:write.obj
 0004:00001068       $pdata$_write$fin$0        0000000140023068     libucrt:write.obj
 0004:00001074       $pdata$_write_nolock       0000000140023074     libucrt:write.obj
 0004:00001080       $pdata$?write_double_translated_ansi_nolock@@YA?AUwrite_result@?A0x17268360@@HQEBDI@Z 0000000140023080     libucrt:write.obj
 0004:0000108c       $pdata$?write_text_ansi_nolock@@YA?AUwrite_result@?A0x17268360@@HQEBDI@Z 000000014002308c     libucrt:write.obj
 0004:00001098       $pdata$?write_text_utf16le_nolock@@YA?AUwrite_result@?A0x17268360@@HQEBDI@Z 0000000140023098     libucrt:write.obj
 0004:000010a4       $pdata$?write_text_utf8_nolock@@YA?AUwrite_result@?A0x17268360@@HQEBDI@Z 00000001400230a4     libucrt:write.obj
 0004:000010b0       $pdata$?__mbrtoc32_utf8@__crt_mbstring@@YA_KPEA_UPEBD_KPEAU_Mbstatet@@@Z 00000001400230b0     libucrt:mbrtoc32.obj
 0004:000010bc       $pdata$fegetenv            00000001400230bc     libucrt:fegetenv.obj
 0004:000010c8       $pdata$fesetenv            00000001400230c8     libucrt:fesetenv.obj
 0004:000010d4       $pdata$feholdexcept        00000001400230d4     libucrt:feholdexcept.obj
 0004:000010ec       $pdata$??$common_lseek_nolock@_J@@YA_JH_JH@Z 00000001400230ec     libucrt:lseek.obj
 0004:000010f8       $pdata$fclose              00000001400230f8     libucrt:fclose.obj
 0004:00001104       $pdata$fclose$fin$0        0000000140023104     libucrt:fclose.obj
 0004:00001110       $pdata$_fclose_nolock      0000000140023110     libucrt:fclose.obj
 0004:0000111c       $pdata$?_wcstombs_l_helper@@YA_KPEADPEB_W_KPEAU__crt_locale_pointers@@@Z 000000014002311c     libucrt:wcstombs.obj
 0004:00001128       $pdata$_putwch_nolock      0000000140023128     libucrt:putwch.obj
 0004:00001134       $pdata$__acrt_fenv_set_control 0000000140023134     libucrt:_fenvutils.obj
 0004:00001140       $pdata$_clearfp            0000000140023140     libucrt:ieee.obj
 0004:0000114c       $pdata$_call_matherr       000000014002314c     libucrt:libm_error.obj
 0004:00001158       $pdata$_exception_enabled  0000000140023158     libucrt:libm_error.obj
 0004:00001164       $pdata$_handle_error       0000000140023164     libucrt:libm_error.obj
 0004:00001170       $pdata$__acrt_initialize_fma3 0000000140023170     libucrt:fma3_available.obj
 0004:0000117c       $pdata$_log_special_common 000000014002317c     libucrt:log_special.obj
 0004:00001188       $pdata$_log10_special      0000000140023188     libucrt:log_special.obj
 0004:00001194       $pdata$_close              0000000140023194     libucrt:close.obj
 0004:000011a0       $pdata$_close_nolock       00000001400231a0     libucrt:close.obj
 0004:000011ac       $pdata$??$?RV<lambda_751a882b2c74d4b022dec766aa51a29a>@@AEAV<lambda_628dfdc04ba53c8bfc02c9951375f3f5>@@V<lambda_f6c7be5f7998530c34de24c7437d6b54>@@@?$__crt_seh_guarded_call@H@@QEAAH$$QEAV<lambda_751a882b2c74d4b022dec766aa51a29a>@@AEAV<lambda_628dfdc04ba53c8bfc02c9951375f3f5>@@$$QEAV<lambda_f6c7be5f7998530c34de24c7437d6b54>@@@Z 00000001400231ac     libucrt:close.obj
 0004:000011b8       $pdata$?__wcsrtombs_utf8@__crt_mbstring@@YA_KPEADPEAPEB_W_KPEAU_Mbstatet@@@Z 00000001400231b8     libucrt:wcrtomb.obj
 0004:000011c4       $pdata$__dcrt_lowio_ensure_console_output_initialized 00000001400231c4     libucrt:initcon.obj
 0004:000011d0       $pdata$__dcrt_write_console 00000001400231d0     libucrt:initcon.obj
 0004:000011dc       $pdata$__dcrt_terminate_console_output 00000001400231dc     libucrt:initcon.obj
 0004:000011f4       $pdata$_set_errno_from_matherr 00000001400231f4     libucrt:fpexcept.obj
 0004:00001200       $pdata$_raise_exc          0000000140023200     libucrt:fpexcept.obj
 0004:0000120c       $pdata$_raise_exc_ex       000000014002320c     libucrt:fpexcept.obj
 0004:00001218       $pdata$_clrfp              0000000140023218     libucrt:fpctrl.obj
 0004:00001224       $pdata$_ctrlfp             0000000140023224     libucrt:fpctrl.obj
 0004:00001230       $pdata$_ctrlfp$filt$0      0000000140023230     libucrt:fpctrl.obj
 0004:0000123c       $pdata$_statfp             000000014002323c     libucrt:fpctrl.obj
 0004:00001248       $pdata$_set_statfp         0000000140023248     libucrt:fpctrl.obj
 0004:00001254       $pdata$?__c16rtomb_utf8@__crt_mbstring@@YA_KPEAD_SPEAU_Mbstatet@@@Z 0000000140023254     libucrt:c16rtomb.obj
 0004:00001260       $pdata$?__c32rtomb_utf8@__crt_mbstring@@YA_KPEAD_UPEAU_Mbstatet@@@Z 0000000140023260     libucrt:c32rtomb.obj
 0004:0000126c       $pdata$_IsNonwritableInCurrentImage 000000014002326c     LIBCMT:pesect.obj
 0004:00001278       $pdata$_IsNonwritableInCurrentImage$filt$0 0000000140023278     LIBCMT:pesect.obj
 0004:00001284       $pdata$??_Gtype_info@@UEAAPEAXI@Z 0000000140023284     LIBCMT:std_type_info_static.obj
 0004:00001290       $pdata$__GSHandlerCheck_EH 0000000140023290     LIBCMT:gshandlereh.obj
 0004:000012a8       $pdata$strrchr             00000001400232a8     libvcruntime:strrchr.obj
